Component: ARM Compiler 5.06 update 4 (build 422) Tool: armlink [4d35d2]

==============================================================================

Section Cross References

    main.o(i.assert_nrf_callback) refers to app_error.o(i.app_error_handler) for app_error_handler
    main.o(i.ble_evt_dispatch) refers to ble_conn_params.o(i.ble_conn_params_on_ble_evt) for ble_conn_params_on_ble_evt
    main.o(i.ble_evt_dispatch) refers to ble_nus.o(i.ble_nus_on_ble_evt) for ble_nus_on_ble_evt
    main.o(i.ble_evt_dispatch) refers to main.o(i.on_ble_evt) for on_ble_evt
    main.o(i.ble_evt_dispatch) refers to ble_advertising.o(i.ble_advertising_on_ble_evt) for ble_advertising_on_ble_evt
    main.o(i.ble_evt_dispatch) refers to main.o(.bss) for .bss
    main.o(i.conn_params_error_handler) refers to app_error.o(i.app_error_handler_bare) for app_error_handler_bare
    main.o(i.main) refers to segger_rtt_printf.o(i.SEGGER_RTT_printf) for SEGGER_RTT_printf
    main.o(i.main) refers to app_timer.o(i.app_timer_init) for app_timer_init
    main.o(i.main) refers to app_error.o(i.app_error_handler_bare) for app_error_handler_bare
    main.o(i.main) refers to softdevice_handler.o(i.softdevice_handler_init) for softdevice_handler_init
    main.o(i.main) refers to softdevice_handler.o(i.softdevice_enable_get_default_config) for softdevice_enable_get_default_config
    main.o(i.main) refers to softdevice_handler.o(i.softdevice_enable) for softdevice_enable
    main.o(i.main) refers to softdevice_handler.o(i.softdevice_ble_evt_handler_set) for softdevice_ble_evt_handler_set
    main.o(i.main) refers to ble_nus.o(i.ble_nus_init) for ble_nus_init
    main.o(i.main) refers to memseta.o(.text) for __aeabi_memclr4
    main.o(i.main) refers to ble_advertising.o(i.ble_advertising_init) for ble_advertising_init
    main.o(i.main) refers to ble_conn_params.o(i.ble_conn_params_init) for ble_conn_params_init
    main.o(i.main) refers to bbs.o(i.bbs_init) for bbs_init
    main.o(i.main) refers to ble_advertising.o(i.ble_advertising_start) for ble_advertising_start
    main.o(i.main) refers to main.o(.bss) for .bss
    main.o(i.main) refers to main.o(.constdata) for .constdata
    main.o(i.main) refers to main.o(i.ble_evt_dispatch) for ble_evt_dispatch
    main.o(i.main) refers to main.o(i.nus_data_handler) for nus_data_handler
    main.o(i.main) refers to main.o(.data) for .data
    main.o(i.main) refers to main.o(i.on_adv_evt) for on_adv_evt
    main.o(i.main) refers to main.o(i.on_conn_params_evt) for on_conn_params_evt
    main.o(i.main) refers to main.o(i.conn_params_error_handler) for conn_params_error_handler
    main.o(i.nus_data_handler) refers to bbs.o(i.raw_fifo_put) for raw_fifo_put
    main.o(i.nus_data_handler) refers to app_error.o(i.app_error_handler_bare) for app_error_handler_bare
    main.o(i.nus_data_handler) refers to segger_rtt_printf.o(i.SEGGER_RTT_printf) for SEGGER_RTT_printf
    main.o(i.nus_data_handler) refers to main.o(.data) for .data
    main.o(i.on_adv_evt) refers to app_error.o(i.app_error_handler_bare) for app_error_handler_bare
    main.o(i.on_ble_evt) refers to app_error.o(i.app_error_handler_bare) for app_error_handler_bare
    main.o(i.on_ble_evt) refers to memcpya.o(.text) for __aeabi_memcpy
    main.o(i.on_ble_evt) refers to main.o(.data) for .data
    main.o(i.on_conn_params_evt) refers to app_error.o(i.app_error_handler_bare) for app_error_handler_bare
    main.o(i.on_conn_params_evt) refers to main.o(.data) for .data
    boards.o(i.bsp_board_button_idx_to_pin) refers to boards.o(.constdata) for .constdata
    boards.o(i.bsp_board_button_state_get) refers to boards.o(.constdata) for .constdata
    boards.o(i.bsp_board_buttons_init) refers to boards.o(i.nrf_gpio_cfg) for nrf_gpio_cfg
    boards.o(i.bsp_board_buttons_init) refers to boards.o(.constdata) for .constdata
    boards.o(i.bsp_board_led_idx_to_pin) refers to boards.o(.constdata) for .constdata
    boards.o(i.bsp_board_led_invert) refers to boards.o(.constdata) for .constdata
    boards.o(i.bsp_board_led_off) refers to boards.o(i.nrf_gpio_pin_write) for nrf_gpio_pin_write
    boards.o(i.bsp_board_led_off) refers to boards.o(.constdata) for .constdata
    boards.o(i.bsp_board_led_on) refers to boards.o(i.nrf_gpio_pin_write) for nrf_gpio_pin_write
    boards.o(i.bsp_board_led_on) refers to boards.o(.constdata) for .constdata
    boards.o(i.bsp_board_led_state_get) refers to boards.o(.constdata) for .constdata
    boards.o(i.bsp_board_leds_init) refers to boards.o(i.nrf_gpio_cfg) for nrf_gpio_cfg
    boards.o(i.bsp_board_leds_init) refers to boards.o(i.bsp_board_leds_off) for bsp_board_leds_off
    boards.o(i.bsp_board_leds_init) refers to boards.o(.constdata) for .constdata
    boards.o(i.bsp_board_leds_off) refers to boards.o(i.bsp_board_led_off) for bsp_board_led_off
    boards.o(i.bsp_board_leds_on) refers to boards.o(i.bsp_board_led_on) for bsp_board_led_on
[...]
    Removing sdk_errors.o(.data), (72 bytes).
    Removing sdk_errors.o(.data), (36 bytes).
    Removing sdk_errors.o(.data), (12 bytes).
    Removing nrf_log_backend_serial.o(.rev16_text), (4 bytes).
    Removing nrf_log_backend_serial.o(.revsh_text), (4 bytes).
    Removing nrf_log_backend_serial.o(i.buf_len_update), (18 bytes).
    Removing nrf_log_backend_serial.o(i.nrf_log_backend_getchar), (10 bytes).
    Removing nrf_log_backend_serial.o(i.nrf_log_backend_hexdump_handler_get), (8 bytes).
    Removing nrf_log_backend_serial.o(i.nrf_log_backend_serial_hexdump_handler), (284 bytes).
    Removing nrf_log_backend_serial.o(i.nrf_log_backend_serial_std_handler), (248 bytes).
    Removing nrf_log_backend_serial.o(i.nrf_log_backend_std_handler_get), (8 bytes).
    Removing nrf_log_backend_serial.o(i.serial_tx), (44 bytes).
    Removing nrf_log_backend_serial.o(i.timestamp_process), (52 bytes).
    Removing nrf_log_backend_serial.o(.constdata), (5 bytes).
    Removing nrf_log_frontend.o(.rev16_text), (4 bytes).
    Removing nrf_log_frontend.o(.revsh_text), (4 bytes).
    Removing nrf_log_frontend.o(i.cont_buf_prealloc), (116 bytes).
    Removing nrf_log_frontend.o(i.nrf_log_frontend_hexdump), (148 bytes).
    Removing nrf_log_frontend.o(i.nrf_log_frontend_init), (24 bytes).
    Removing nrf_log_frontend.o(i.nrf_log_frontend_std_2), (108 bytes).
    Removing nrf_log_frontend.o(i.nrf_log_frontend_std_3), (124 bytes).
    Removing nrf_log_frontend.o(i.nrf_log_frontend_std_4), (140 bytes).
    Removing nrf_log_frontend.o(i.nrf_log_frontend_std_5), (152 bytes).
    Removing nrf_log_frontend.o(i.nrf_log_frontend_std_6), (168 bytes).
    Removing nrf_log_frontend.o(i.nrf_log_getchar), (8 bytes).
    Removing nrf_log_frontend.o(i.nrf_log_handlers_set), (12 bytes).
    Removing nrf_log_frontend.o(i.nrf_log_init), (36 bytes).
    Removing nrf_log_frontend.o(i.nrf_log_push), (84 bytes).
    Removing softdevice_handler.o(.rev16_text), (4 bytes).
    Removing softdevice_handler.o(.revsh_text), (4 bytes).
    Removing softdevice_handler.o(i.sd_check_ram_start), (164 bytes).
    Removing softdevice_handler.o(i.softdevice_handler_is_suspended), (12 bytes).
    Removing softdevice_handler.o(i.softdevice_handler_resume), (68 bytes).
    Removing softdevice_handler.o(i.softdevice_handler_sd_disable), (24 bytes).
    Removing softdevice_handler.o(i.softdevice_handler_suspend), (68 bytes).
    Removing softdevice_handler.o(i.softdevice_sys_evt_handler_set), (20 bytes).
    Removing segger_rtt.o(.rev16_text), (4 bytes).
    Removing segger_rtt.o(.revsh_text), (4 bytes).
    Removing segger_rtt.o(i.SEGGER_RTT_ConfigDownBuffer), (92 bytes).
    Removing segger_rtt.o(i.SEGGER_RTT_ConfigUpBuffer), (92 bytes).
    Removing segger_rtt.o(i.SEGGER_RTT_GetKey), (28 bytes).
    Removing segger_rtt.o(i.SEGGER_RTT_HasData), (20 bytes).
    Removing segger_rtt.o(i.SEGGER_RTT_HasKey), (36 bytes).
    Removing segger_rtt.o(i.SEGGER_RTT_Read), (44 bytes).
    Removing segger_rtt.o(i.SEGGER_RTT_ReadNoLock), (128 bytes).
    Removing segger_rtt.o(i.SEGGER_RTT_SetNameDownBuffer), (68 bytes).
    Removing segger_rtt.o(i.SEGGER_RTT_SetNameUpBuffer), (68 bytes).
    Removing segger_rtt.o(i.SEGGER_RTT_SetTerminal), (132 bytes).
    Removing segger_rtt.o(i.SEGGER_RTT_TerminalOut), (176 bytes).
    Removing segger_rtt.o(i.SEGGER_RTT_WaitKey), (12 bytes).
    Removing segger_rtt.o(i.SEGGER_RTT_WriteSkipNoLock), (108 bytes).
    Removing segger_rtt.o(i.SEGGER_RTT_WriteString), (24 bytes).
    Removing segger_rtt.o(i._PostTerminalSwitch), (32 bytes).
    Removing segger_rtt.o(.data), (17 bytes).
    Removing segger_rtt_printf.o(.rev16_text), (4 bytes).
    Removing segger_rtt_printf.o(.revsh_text), (4 bytes).
    Removing arm_startup_nrf51.o(HEAP), (2048 bytes).
    Removing system_nrf51.o(.rev16_text), (4 bytes).
    Removing system_nrf51.o(.revsh_text), (4 bytes).
    Removing system_nrf51.o(i.SystemCoreClockUpdate), (16 bytes).
    Removing dadd.o(.text), (356 bytes).
    Removing dmul.o(.text), (208 bytes).
    Removing ddiv.o(.text), (240 bytes).
    Removing dfixul.o(.text), (64 bytes).
    Removing cdrcmple.o(.text), (40 bytes).
    Removing depilogue.o(.text), (190 bytes).
    Removing depilogue.o(i.__ARM_clz), (46 bytes).

301 unused section(s) (total 16098 bytes) removed from the image.

==============================================================================

Image Symbol Table

    Local Symbols

    Symbol Name                              Value     Ov Type        Size  Object(Section)

    ../clib/microlib/ctype/ctype.c           0x00000000   Number         0  isblank_o.o ABSOLUTE
    ../clib/microlib/ctype/ctype.c           0x00000000   Number         0  isxdigit_o.o ABSOLUTE
    ../clib/microlib/ctype/ctype.c           0x00000000   Number         0  isupper_o.o ABSOLUTE
    ../clib/microlib/ctype/ctype.c           0x00000000   Number         0  isspace_o.o ABSOLUTE
    ../clib/microlib/ctype/ctype.c           0x00000000   Number         0  ispunct_o.o ABSOLUTE
    ../clib/microlib/ctype/ctype.c           0x00000000   Number         0  isprint_o.o ABSOLUTE
    ../clib/microlib/ctype/ctype.c           0x00000000   Number         0  islower_o.o ABSOLUTE
    ../clib/microlib/ctype/ctype.c           0x00000000   Number         0  isgraph_o.o ABSOLUTE
    ../clib/microlib/ctype/ctype.c           0x00000000   Number         0  isdigit_o.o ABSOLUTE
    ../clib/microlib/ctype/ctype.c           0x00000000   Number         0  iscntrl_o.o ABSOLUTE
    ../clib/microlib/ctype/ctype.c           0x00000000   Number         0  isalpha_o.o ABSOLUTE
    ../clib/microlib/ctype/ctype.c           0x00000000   Number         0  isalnum_o.o ABSOLUTE
    ../clib/microlib/ctype/ctype.c           0x00000000   Number         0  ctype_o.o ABSOLUTE
    ../clib/microlib/division.c              0x00000000   Number         0  uldiv.o ABSOLUTE
    ../clib/microlib/division.c              0x00000000   Number         0  uidiv.o ABSOLUTE
    ../clib/microlib/division.c              0x00000000   Number         0  idiv.o ABSOLUTE
    ../clib/microlib/init/entry.s            0x00000000   Number         0  entry9a.o ABSOLUTE
    ../clib/microlib/init/entry.s            0x00000000   Number         0  entry9b.o ABSOLUTE
    ../clib/microlib/init/entry.s            0x00000000   Number         0  entry10a.o ABSOLUTE
    ../clib/microlib/init/entry.s            0x00000000   Number         0  entry10b.o ABSOLUTE
    ../clib/microlib/init/entry.s            0x00000000   Number         0  entry11a.o ABSOLUTE
    ../clib/microlib/init/entry.s            0x00000000   Number         0  entry11b.o ABSOLUTE
    ../clib/microlib/init/entry.s            0x00000000   Number         0  entry.o ABSOLUTE
    ../clib/microlib/init/entry.s            0x00000000   Number         0  entry2.o ABSOLUTE
    ../clib/microlib/init/entry.s            0x00000000   Number         0  entry5.o ABSOLUTE
    ../clib/microlib/init/entry.s            0x00000000   Number         0  entry7a.o ABSOLUTE
    ../clib/microlib/init/entry.s            0x00000000   Number         0  entry7b.o ABSOLUTE
    ../clib/microlib/init/entry.s            0x00000000   Number         0  entry8a.o ABSOLUTE
    ../clib/microlib/init/entry.s            0x00000000   Number         0  entry8b.o ABSOLUTE
    ../clib/microlib/longlong.c              0x00000000   Number         0  llshl.o ABSOLUTE
    ../clib/microlib/longlong.c              0x00000000   Number         0  llushr.o ABSOLUTE
    ../clib/microlib/longlong.c              0x00000000   Number         0  llsshr.o ABSOLUTE
    ../clib/microlib/printf/printf.c         0x00000000   Number         0  printf8.o ABSOLUTE
    ../clib/microlib/printf/printf.c         0x00000000   Number         0  printf7.o ABSOLUTE
    ../clib/microlib/printf/printf.c         0x00000000   Number         0  printf6.o ABSOLUTE
    ../clib/microlib/printf/printf.c         0x00000000   Number         0  printf5.o ABSOLUTE
    ../clib/microlib/printf/printf.c         0x00000000   Number         0  printf4.o ABSOLUTE
    ../clib/microlib/printf/printf.c         0x00000000   Number         0  printf3.o ABSOLUTE
    ../clib/microlib/printf/printf.c         0x00000000   Number         0  printf2.o ABSOLUTE
    ../clib/microlib/printf/printf.c         0x00000000   Number         0  printf1.o ABSOLUTE
    ../clib/microlib/printf/printf.c         0x00000000   Number         0  printf0.o ABSOLUTE
    ../clib/microlib/printf/printf.c         0x00000000   Number         0  printfb.o ABSOLUTE
    ../clib/microlib/printf/printf.c         0x00000000   Number         0  printfa.o ABSOLUTE
    ../clib/microlib/printf/stubs.s          0x00000000   Number         0  stubs.o ABSOLUTE
    ../clib/microlib/string/memcpy.c         0x00000000   Number         0  memcpya.o ABSOLUTE
    ../clib/microlib/string/memcpy.c         0x00000000   Number         0  memcpyb.o ABSOLUTE
    ../clib/microlib/string/memset.c         0x00000000   Number         0  memseta.o ABSOLUTE
    ../clib/microlib/string/strcpy.c         0x00000000   Number         0  strcpy.o ABSOLUTE
    ../clib/microlib/string/strlen.c         0x00000000   Number         0  strlen.o ABSOLUTE
    ../clib/microlib/stubs.s                 0x00000000   Number         0  iusefp.o ABSOLUTE
    ../fplib/microlib/fpadd.c                0x00000000   Number         0  dadd.o ABSOLUTE
    ../fplib/microlib/fpdiv.c                0x00000000   Number         0  ddiv.o ABSOLUTE
    ../fplib/microlib/fpepilogue.c           0x00000000   Number         0  depilogue.o ABSOLUTE
    ../fplib/microlib/fpfix.c                0x00000000   Number         0  dfixul.o ABSOLUTE
    ../fplib/microlib/fpmul.c                0x00000000   Number         0  dmul.o ABSOLUTE
    ..\..\..\..\..\..\bbs\bbs.c              0x00000000   Number         0  bbs.o ABSOLUTE
    ..\..\..\..\..\..\components\ble\ble_advertising\ble_advertising.c 0x00000000   Number         0  ble_advertising.o ABSOLUTE
    ..\..\..\..\..\..\components\ble\ble_services\ble_nus\ble_nus.c 0x00000000   Number         0  ble_nus.o ABSOLUTE
    ..\..\..\..\..\..\components\ble\common\ble_advdata.c 0x00000000   Number         0  ble_advdata.o ABSOLUTE
    ..\..\..\..\..\..\components\ble\common\ble_conn_params.c 0x00000000   Number         0  ble_conn_params.o ABSOLUTE
    ..\..\..\..\..\..\components\ble\common\ble_srv_common.c 0x00000000   Number         0  ble_srv_common.o ABSOLUTE
    ..\..\..\..\..\..\components\boards\boards.c 0x00000000   Number         0  boards.o ABSOLUTE
    ..\..\..\..\..\..\components\drivers_nrf\clock\nrf_drv_clock.c 0x00000000   Number         0  nrf_drv_clock.o ABSOLUTE
    ..\..\..\..\..\..\components\drivers_nrf\common\nrf_drv_common.c 0x00000000   Number         0  nrf_drv_common.o ABSOLUTE
    ..\..\..\..\..\..\components\drivers_nrf\gpiote\nrf_drv_gpiote.c 0x00000000   Number         0  nrf_drv_gpiote.o ABSOLUTE
    ..\..\..\..\..\..\components\drivers_nrf\uart\nrf_drv_uart.c 0x00000000   Number         0  nrf_drv_uart.o ABSOLUTE
    ..\..\..\..\..\..\components\libraries\bsp\bsp.c 0x00000000   Number         0  bsp.o ABSOLUTE
    ..\..\..\..\..\..\components\libraries\bsp\bsp_btn_ble.c 0x00000000   Number         0  bsp_btn_ble.o ABSOLUTE
    ..\..\..\..\..\..\components\libraries\bsp\bsp_nfc.c 0x00000000   Number         0  bsp_nfc.o ABSOLUTE
    ..\..\..\..\..\..\components\libraries\button\app_button.c 0x00000000   Number         0  app_button.o ABSOLUTE
    ..\..\..\..\..\..\components\libraries\fifo\app_fifo.c 0x00000000   Number         0  app_fifo.o ABSOLUTE
    ..\..\..\..\..\..\components\libraries\fstorage\fstorage.c 0x00000000   Number         0  fstorage.o ABSOLUTE
    ..\..\..\..\..\..\components\libraries\hardfault\hardfault_implementation.c 0x00000000   Number         0  hardfault_implementation.o ABSOLUTE
    ..\..\..\..\..\..\components\libraries\log\src\nrf_log_backend_serial.c 0x00000000   Number         0  nrf_log_backend_serial.o ABSOLUTE
    ..\..\..\..\..\..\components\libraries\log\src\nrf_log_frontend.c 0x00000000   Number         0  nrf_log_frontend.o ABSOLUTE
    ..\..\..\..\..\..\components\libraries\timer\app_timer.c 0x00000000   Number         0  app_timer.o ABSOLUTE
    ..\..\..\..\..\..\components\libraries\uart\app_uart_fifo.c 0x00000000   Number         0  app_uart_fifo.o ABSOLUTE
    ..\..\..\..\..\..\components\libraries\uart\retarget.c 0x00000000   Number         0  retarget.o ABSOLUTE
    ..\..\..\..\..\..\components\libraries\util\app_error.c 0x00000000   Number         0  app_error.o ABSOLUTE
    ..\..\..\..\..\..\components\libraries\util\app_error_weak.c 0x00000000   Number         0  app_error_weak.o ABSOLUTE
    ..\..\..\..\..\..\components\libraries\util\app_util_platform.c 0x00000000   Number         0  app_util_platform.o ABSOLUTE
    ..\..\..\..\..\..\components\libraries\util\nrf_assert.c 0x00000000   Number         0  nrf_assert.o ABSOLUTE
    ..\..\..\..\..\..\components\libraries\util\sdk_errors.c 0x00000000   Number         0  sdk_errors.o ABSOLUTE
    ..\..\..\..\..\..\components\softdevice\common\softdevice_handler\softdevice_handler.c 0x00000000   Number         0  softdevice_handler.o ABSOLUTE
    ..\..\..\..\..\..\external\segger_rtt\RTT_Syscalls_KEIL.c 0x00000000   Number         0  rtt_syscalls_keil.o ABSOLUTE
    ..\..\..\..\..\..\external\segger_rtt\SEGGER_RTT.c 0x00000000   Number         0  segger_rtt.o ABSOLUTE
    ..\..\..\..\..\..\external\segger_rtt\SEGGER_RTT_printf.c 0x00000000   Number         0  segger_rtt_printf.o ABSOLUTE
    ..\..\..\main.c                          0x00000000   Number         0  main.o ABSOLUTE
    ..\\..\\..\\..\\..\\..\\bbs\\bbs.c       0x00000000   Number         0  bbs.o ABSOLUTE
    ..\\..\\..\\..\\..\\..\\components\\ble\\ble_advertising\\ble_advertising.c 0x00000000   Number         0  ble_advertising.o ABSOLUTE
    ..\\..\\..\\..\\..\\..\\components\\ble\\ble_services\\ble_nus\\ble_nus.c 0x00000000   Number         0  ble_nus.o ABSOLUTE
    ..\\..\\..\\..\\..\\..\\components\\ble\\common\\ble_advdata.c 0x00000000   Number         0  ble_advdata.o ABSOLUTE
    ..\\..\\..\\..\\..\\..\\components\\ble\\common\\ble_conn_params.c 0x00000000   Number         0  ble_conn_params.o ABSOLUTE
    ..\\..\\..\\..\\..\\..\\components\\ble\\common\\ble_srv_common.c 0x00000000   Number         0  ble_srv_common.o ABSOLUTE
    ..\\..\\..\\..\\..\\..\\components\\boards\\boards.c 0x00000000   Number         0  boards.o ABSOLUTE
    ..\\..\\..\\..\\..\\..\\components\\drivers_nrf\\clock\\nrf_drv_clock.c 0x00000000   Number         0  nrf_drv_clock.o ABSOLUTE
    ..\\..\\..\\..\\..\\..\\components\\drivers_nrf\\common\\nrf_drv_common.c 0x00000000   Number         0  nrf_drv_common.o ABSOLUTE
    ..\\..\\..\\..\\..\\..\\components\\drivers_nrf\\gpiote\\nrf_drv_gpiote.c 0x00000000   Number         0  nrf_drv_gpiote.o ABSOLUTE
    ..\\..\\..\\..\\..\\..\\components\\drivers_nrf\\uart\\nrf_drv_uart.c 0x00000000   Number         0  nrf_drv_uart.o ABSOLUTE
    ..\\..\\..\\..\\..\\..\\components\\libraries\\bsp\\bsp.c 0x00000000   Number         0  bsp.o ABSOLUTE
    ..\\..\\..\\..\\..\\..\\components\\libraries\\bsp\\bsp_btn_ble.c 0x00000000   Number         0  bsp_btn_ble.o ABSOLUTE
    ..\\..\\..\\..\\..\\..\\components\\libraries\\bsp\\bsp_nfc.c 0x00000000   Number         0  bsp_nfc.o ABSOLUTE
    ..\\..\\..\\..\\..\\..\\components\\libraries\\button\\app_button.c 0x00000000   Number         0  app_button.o ABSOLUTE
    ..\\..\\..\\..\\..\\..\\components\\libraries\\fifo\\app_fifo.c 0x00000000   Number         0  app_fifo.o ABSOLUTE
    ..\\..\\..\\..\\..\\..\\components\\libraries\\fstorage\\fstorage.c 0x00000000   Number         0  fstorage.o ABSOLUTE
    ..\\..\\..\\..\\..\\..\\components\\libraries\\hardfault\\hardfault_implementation.c 0x00000000   Number         0  hardfault_implementation.o ABSOLUTE
    ..\\..\\..\\..\\..\\..\\components\\libraries\\log\\src\\nrf_log_backend_serial.c 0x00000000   Number         0  nrf_log_backend_serial.o ABSOLUTE
    ..\\..\\..\\..\\..\\..\\components\\libraries\\log\\src\\nrf_log_frontend.c 0x00000000   Number         0  nrf_log_frontend.o ABSOLUTE
    ..\\..\\..\\..\\..\\..\\components\\libraries\\timer\\app_timer.c 0x00000000   Number         0  app_timer.o ABSOLUTE
    ..\\..\\..\\..\\..\\..\\components\\libraries\\uart\\app_uart_fifo.c 0x00000000   Number         0  app_uart_fifo.o ABSOLUTE
    ..\\..\\..\\..\\..\\..\\components\\libraries\\uart\\retarget.c 0x00000000   Number         0  retarget.o ABSOLUTE
    ..\\..\\..\\..\\..\\..\\components\\libraries\\util\\app_error.c 0x00000000   Number         0  app_error.o ABSOLUTE
    ..\\..\\..\\..\\..\\..\\components\\libraries\\util\\app_error_weak.c 0x00000000   Number         0  app_error_weak.o ABSOLUTE
    ..\\..\\..\\..\\..\\..\\components\\libraries\\util\\app_util_platform.c 0x00000000   Number         0  app_util_platform.o ABSOLUTE
    ..\\..\\..\\..\\..\\..\\components\\libraries\\util\\nrf_assert.c 0x00000000   Number         0  nrf_assert.o ABSOLUTE
    ..\\..\\..\\..\\..\\..\\components\\softdevice\\common\\softdevice_handler\\softdevice_handler.c 0x00000000   Number         0  softdevice_handler.o ABSOLUTE
    ..\\..\\..\\..\\..\\..\\external\\segger_rtt\\SEGGER_RTT.c 0x00000000   Number         0  segger_rtt.o ABSOLUTE
    ..\\..\\..\\..\\..\\..\\external\\segger_rtt\\SEGGER_RTT_printf.c 0x00000000   Number         0  segger_rtt_printf.o ABSOLUTE
    ..\\..\\..\\main.c                       0x00000000   Number         0  main.o ABSOLUTE
    RTE\Device\nRF51422_xxAC\arm_startup_nrf51.s 0x00000000   Number         0  arm_startup_nrf51.o ABSOLUTE
    RTE\Device\nRF51422_xxAC\system_nrf51.c  0x00000000   Number         0  system_nrf51.o ABSOLUTE
    RTE\\Device\\nRF51422_xxAC\\system_nrf51.c 0x00000000   Number         0  system_nrf51.o ABSOLUTE
    cdrcmple.s                               0x00000000   Number         0  cdrcmple.o ABSOLUTE
    dc.s                                     0x00000000   Number         0  dc.o ABSOLUTE
    handlers.s                               0x00000000   Number         0  handlers.o ABSOLUTE
    init.s                                   0x00000000   Number         0  init.o ABSOLUTE
    RESET                                    0x0001b000   Section      192  arm_startup_nrf51.o(RESET)
    .ARM.Collect$$$$00000000                 0x0001b0c0   Section        0  entry.o(.ARM.Collect$$$$00000000)
    .ARM.Collect$$$$00000001                 0x0001b0c0   Section        4  entry2.o(.ARM.Collect$$$$00000001)
    .ARM.Collect$$$$00000004                 0x0001b0c4   Section        4  entry5.o(.ARM.Collect$$$$00000004)
    .ARM.Collect$$$$00000008                 0x0001b0c8   Section        0  entry7b.o(.ARM.Collect$$$$00000008)
    .ARM.Collect$$$$0000000A                 0x0001b0c8   Section        0  entry8b.o(.ARM.Collect$$$$0000000A)
    .ARM.Collect$$$$0000000B                 0x0001b0c8   Section        8  entry9a.o(.ARM.Collect$$$$0000000B)
    .ARM.Collect$$$$0000000D                 0x0001b0d0   Section        0  entry10a.o(.ARM.Collect$$$$0000000D)
    .ARM.Collect$$$$0000000F                 0x0001b0d0   Section        0  entry11a.o(.ARM.Collect$$$$0000000F)
    .ARM.Collect$$$$00002712                 0x0001b0d0   Section        4  entry2.o(.ARM.Collect$$$$00002712)
    __lit__00000000                          0x0001b0d0   Data           4  entry2.o(.ARM.Collect$$$$00002712)
    .text                                    0x0001b0d4   Section       56  arm_startup_nrf51.o(.text)
    .text                                    0x0001b10c   Section        0  uidiv.o(.text)
    .text                                    0x0001b138   Section        0  idiv.o(.text)
    .text                                    0x0001b160   Section        0  memcpya.o(.text)
    .text                                    0x0001b184   Section        0  memseta.o(.text)
    .text                                    0x0001b1a8   Section        0  strcpy.o(.text)
    .text                                    0x0001b1bc   Section       36  init.o(.text)
    i.GPIOTE_IRQHandler                      0x0001b1e0   Section        0  nrf_drv_gpiote.o(i.GPIOTE_IRQHandler)
    i.NVIC_SetPriority                       0x0001b358   Section        0  app_timer.o(i.NVIC_SetPriority)
    NVIC_SetPriority                         0x0001b359   Thumb Code    60  app_timer.o(i.NVIC_SetPriority)
    i.POWER_CLOCK_IRQHandler                 0x0001b39c   Section        0  nrf_drv_clock.o(i.POWER_CLOCK_IRQHandler)
    i.RTC1_IRQHandler                        0x0001b3f0   Section        0  app_timer.o(i.RTC1_IRQHandler)
    i.SEGGER_RTT_Init                        0x0001b410   Section        0  segger_rtt.o(i.SEGGER_RTT_Init)
    i.SEGGER_RTT_Write                       0x0001b424   Section        0  segger_rtt.o(i.SEGGER_RTT_Write)
    i.SEGGER_RTT_WriteNoLock                 0x0001b460   Section        0  segger_rtt.o(i.SEGGER_RTT_WriteNoLock)
    i.SEGGER_RTT_printf                      0x0001b4bc   Section        0  segger_rtt_printf.o(i.SEGGER_RTT_printf)
    i.SEGGER_RTT_vprintf                     0x0001b4d4   Section        0  segger_rtt_printf.o(i.SEGGER_RTT_vprintf)
    i.SWI0_IRQHandler                        0x0001b668   Section        0  app_timer.o(i.SWI0_IRQHandler)
    i.SWI2_IRQHandler                        0x0001b670   Section        0  softdevice_handler.o(i.SWI2_IRQHandler)
    i.SystemInit                             0x0001b690   Section        0  system_nrf51.o(i.SystemInit)
    i.UART0_IRQHandler                       0x0001b730   Section        0  nrf_drv_uart.o(i.UART0_IRQHandler)
    i._DoInit                                0x0001b744   Section        0  segger_rtt.o(i._DoInit)
    _DoInit                                  0x0001b745   Thumb Code    74  segger_rtt.o(i._DoInit)
    i._GetAvailWriteSpace                    0x0001b7b0   Section        0  segger_rtt.o(i._GetAvailWriteSpace)
    _GetAvailWriteSpace                      0x0001b7b1   Thumb Code    22  segger_rtt.o(i._GetAvailWriteSpace)
    i._PrintInt                              0x0001b7c6   Section        0  segger_rtt_printf.o(i._PrintInt)
    _PrintInt                                0x0001b7c7   Thumb Code   200  segger_rtt_printf.o(i._PrintInt)
    i._PrintUnsigned                         0x0001b890   Section        0  segger_rtt_printf.o(i._PrintUnsigned)
    _PrintUnsigned                           0x0001b891   Thumb Code   210  segger_rtt_printf.o(i._PrintUnsigned)
    i._StoreChar                             0x0001b968   Section        0  segger_rtt_printf.o(i._StoreChar)
    _StoreChar                               0x0001b969   Thumb Code    62  segger_rtt_printf.o(i._StoreChar)
    i._WriteBlocking                         0x0001b9a6   Section        0  segger_rtt.o(i._WriteBlocking)
    _WriteBlocking                           0x0001b9a7   Thumb Code    96  segger_rtt.o(i._WriteBlocking)
    i._WriteNoCheck                          0x0001ba06   Section        0  segger_rtt.o(i._WriteNoCheck)
    _WriteNoCheck                            0x0001ba07   Thumb Code    60  segger_rtt.o(i._WriteNoCheck)
    i.__ARM_common_switch8                   0x0001ba42   Section        0  bsp.o(i.__ARM_common_switch8)
    i.__scatterload_copy                     0x0001ba5c   Section       14  handlers.o(i.__scatterload_copy)
    i.__scatterload_null                     0x0001ba6a   Section        2  handlers.o(i.__scatterload_null)
    i.__scatterload_zeroinit                 0x0001ba6c   Section       14  handlers.o(i.__scatterload_zeroinit)
    i.__sd_nvic_app_accessible_irq           0x0001ba7c   Section        0  softdevice_handler.o(i.__sd_nvic_app_accessible_irq)
    __sd_nvic_app_accessible_irq             0x0001ba7d   Thumb Code    22  softdevice_handler.o(i.__sd_nvic_app_accessible_irq)
    i.add_input_pins                         0x0001ba98   Section        0  bbs.o(i.add_input_pins)
    i.adv_data_encode                        0x0001bb10   Section        0  ble_advdata.o(i.adv_data_encode)
    i.adv_mode_next_avail_get                0x0001bca0   Section        0  ble_advertising.o(i.adv_mode_next_avail_get)
    adv_mode_next_avail_get                  0x0001bca1   Thumb Code    94  ble_advertising.o(i.adv_mode_next_avail_get)
    i.app_error_fault_handler                0x0001bd08   Section        0  app_error_weak.o(i.app_error_fault_handler)
    i.app_error_handler_bare                 0x0001bd50   Section        0  app_error.o(i.app_error_handler_bare)
    i.app_timer_create                       0x0001bd68   Section        0  app_timer.o(i.app_timer_create)
    i.app_timer_init                         0x0001bd94   Section        0  app_timer.o(i.app_timer_init)
    i.app_timer_start                        0x0001be08   Section        0  app_timer.o(i.app_timer_start)
    i.app_timer_stop                         0x0001be90   Section        0  app_timer.o(i.app_timer_stop)
    i.app_util_critical_region_enter         0x0001beb8   Section        0  app_util_platform.o(i.app_util_critical_region_enter)
    i.app_util_critical_region_exit          0x0001bef4   Section        0  app_util_platform.o(i.app_util_critical_region_exit)
    i.bbs_init                               0x0001bf20   Section        0  bbs.o(i.bbs_init)
    i.ble_advdata_set                        0x0001bf6c   Section        0  ble_advdata.o(i.ble_advdata_set)
    i.ble_advertising_init                   0x0001bfd4   Section        0  ble_advertising.o(i.ble_advertising_init)
    i.ble_advertising_on_ble_evt             0x0001c130   Section        0  ble_advertising.o(i.ble_advertising_on_ble_evt)
    i.ble_advertising_start                  0x0001c188   Section        0  ble_advertising.o(i.ble_advertising_start)
    i.ble_conn_params_init                   0x0001c290   Section        0  ble_conn_params.o(i.ble_conn_params_init)
    i.ble_conn_params_on_ble_evt             0x0001c2e4   Section        0  ble_conn_params.o(i.ble_conn_params_on_ble_evt)
    i.ble_device_addr_encode                 0x0001c374   Section        0  ble_advdata.o(i.ble_device_addr_encode)
    ble_device_addr_encode                   0x0001c375   Thumb Code    94  ble_advdata.o(i.ble_device_addr_encode)
    i.ble_evt_dispatch                       0x0001c3d4   Section        0  main.o(i.ble_evt_dispatch)
    ble_evt_dispatch                         0x0001c3d5   Thumb Code    30  main.o(i.ble_evt_dispatch)
    i.ble_nus_init                           0x0001c3f8   Section        0  ble_nus.o(i.ble_nus_init)
    i.ble_nus_on_ble_evt                     0x0001c460   Section        0  ble_nus.o(i.ble_nus_on_ble_evt)
    i.ble_srv_is_notification_enabled        0x0001c4bc   Section        0  ble_srv_common.o(i.ble_srv_is_notification_enabled)
    i.braille_fifo_get                       0x0001c4cc   Section        0  bbs.o(i.braille_fifo_get)
    i.braille_fifo_put                       0x0001c4f0   Section        0  bbs.o(i.braille_fifo_put)
    i.buf_prealloc                           0x0001c50c   Section        0  nrf_log_frontend.o(i.buf_prealloc)
    buf_prealloc                             0x0001c50d   Thumb Code    98  nrf_log_frontend.o(i.buf_prealloc)
    i.buffer_is_empty                        0x0001c57c   Section        0  nrf_log_frontend.o(i.buffer_is_empty)
    i.channel_free                           0x0001c590   Section        0  nrf_drv_gpiote.o(i.channel_free)
    channel_free                             0x0001c591   Thumb Code    22  nrf_drv_gpiote.o(i.channel_free)
    i.channel_port_alloc                     0x0001c5ac   Section        0  nrf_drv_gpiote.o(i.channel_port_alloc)
    channel_port_alloc                       0x0001c5ad   Thumb Code    66  nrf_drv_gpiote.o(i.channel_port_alloc)
    i.channel_port_get                       0x0001c5f4   Section        0  nrf_drv_gpiote.o(i.channel_port_get)
    channel_port_get                         0x0001c5f5   Thumb Code    10  nrf_drv_gpiote.o(i.channel_port_get)
    i.clock_clk_started_notify               0x0001c604   Section        0  nrf_drv_clock.o(i.clock_clk_started_notify)
    clock_clk_started_notify                 0x0001c605   Thumb Code    34  nrf_drv_clock.o(i.clock_clk_started_notify)
    i.compare_reg_update                     0x0001c62c   Section        0  app_timer.o(i.compare_reg_update)
    compare_reg_update                       0x0001c62d   Thumb Code   142  app_timer.o(i.compare_reg_update)
    i.conn_int_encode                        0x0001c6d4   Section        0  ble_advdata.o(i.conn_int_encode)
    conn_int_encode                          0x0001c6d5   Thumb Code   130  ble_advdata.o(i.conn_int_encode)
    i.conn_params_error_handler              0x0001c75c   Section        0  main.o(i.conn_params_error_handler)
    conn_params_error_handler                0x0001c75d   Thumb Code     8  main.o(i.conn_params_error_handler)
    i.conn_params_negotiation                0x0001c764   Section        0  ble_conn_params.o(i.conn_params_negotiation)
    conn_params_negotiation                  0x0001c765   Thumb Code    92  ble_conn_params.o(i.conn_params_negotiation)
    i.elapsed_ticks_acquire                  0x0001c7cc   Section        0  app_timer.o(i.elapsed_ticks_acquire)
    elapsed_ticks_acquire                    0x0001c7cd   Thumb Code    58  app_timer.o(i.elapsed_ticks_acquire)
    i.fs_queued_op_count_get                 0x0001c80c   Section        0  fstorage.o(i.fs_queued_op_count_get)
    i.intern_softdevice_events_execute       0x0001c824   Section        0  softdevice_handler.o(i.intern_softdevice_events_execute)
    i.is_conn_params_ok                      0x0001c8a4   Section        0  ble_conn_params.o(i.is_conn_params_ok)
    is_conn_params_ok                        0x0001c8a5   Thumb Code    24  ble_conn_params.o(i.is_conn_params_ok)
    i.is_manual_peripheral_setup_needed      0x0001c8c0   Section        0  system_nrf51.o(i.is_manual_peripheral_setup_needed)
    is_manual_peripheral_setup_needed        0x0001c8c1   Thumb Code    66  system_nrf51.o(i.is_manual_peripheral_setup_needed)
    i.list_deletions_handler                 0x0001c908   Section        0  app_timer.o(i.list_deletions_handler)
    list_deletions_handler                   0x0001c909   Thumb Code   162  app_timer.o(i.list_deletions_handler)
    i.list_insertions_handler                0x0001c9b4   Section        0  app_timer.o(i.list_insertions_handler)
    list_insertions_handler                  0x0001c9b5   Thumb Code   178  app_timer.o(i.list_insertions_handler)
    i.main                                   0x0001ca70   Section        0  main.o(i.main)
    i.manuf_specific_data_encode             0x0001cc1c   Section        0  ble_advdata.o(i.manuf_specific_data_encode)
    manuf_specific_data_encode               0x0001cc1d   Thumb Code   104  ble_advdata.o(i.manuf_specific_data_encode)
    i.name_encode                            0x0001cc84   Section        0  ble_advdata.o(i.name_encode)
    name_encode                              0x0001cc85   Thumb Code   158  ble_advdata.o(i.name_encode)
    i.nrf_bitmask_bit_is_set                 0x0001cd22   Section        0  nrf_drv_gpiote.o(i.nrf_bitmask_bit_is_set)
    nrf_bitmask_bit_is_set                   0x0001cd23   Thumb Code    16  nrf_drv_gpiote.o(i.nrf_bitmask_bit_is_set)
    i.nrf_clock_event_check                  0x0001cd32   Section        0  nrf_drv_clock.o(i.nrf_clock_event_check)
    nrf_clock_event_check                    0x0001cd33   Thumb Code    16  nrf_drv_clock.o(i.nrf_clock_event_check)
    i.nrf_delay_us                           0x0001cd44   Section        0  app_timer.o(i.nrf_delay_us)
    nrf_delay_us                             0x0001cd45   Thumb Code    38  app_timer.o(i.nrf_delay_us)
    i.nrf_drv_clock_init                     0x0001cd74   Section        0  nrf_drv_clock.o(i.nrf_drv_clock_init)
    i.nrf_drv_clock_on_sd_enable             0x0001cdbc   Section        0  nrf_drv_clock.o(i.nrf_drv_clock_on_sd_enable)
    i.nrf_drv_clock_on_soc_event             0x0001cdf0   Section        0  nrf_drv_clock.o(i.nrf_drv_clock_on_soc_event)
    i.nrf_drv_common_irq_enable              0x0001cdfc   Section        0  nrf_drv_common.o(i.nrf_drv_common_irq_enable)
    i.nrf_drv_gpiote_in_event_enable         0x0001ce5c   Section        0  nrf_drv_gpiote.o(i.nrf_drv_gpiote_in_event_enable)
    i.nrf_drv_gpiote_in_init                 0x0001cef4   Section        0  nrf_drv_gpiote.o(i.nrf_drv_gpiote_in_init)
    i.nrf_drv_gpiote_init                    0x0001cf9c   Section        0  nrf_drv_gpiote.o(i.nrf_drv_gpiote_init)
    i.nrf_gpio_cfg                           0x0001cff8   Section        0  nrf_drv_gpiote.o(i.nrf_gpio_cfg)
    nrf_gpio_cfg                             0x0001cff9   Thumb Code    40  nrf_drv_gpiote.o(i.nrf_gpio_cfg)
    i.nrf_gpio_cfg_sense_set                 0x0001d020   Section        0  nrf_drv_gpiote.o(i.nrf_gpio_cfg_sense_set)
    nrf_gpio_cfg_sense_set                   0x0001d021   Thumb Code    34  nrf_drv_gpiote.o(i.nrf_gpio_cfg_sense_set)
    i.nrf_gpio_ports_read                    0x0001d044   Section        0  nrf_drv_gpiote.o(i.nrf_gpio_ports_read)
    nrf_gpio_ports_read                      0x0001d045   Thumb Code    36  nrf_drv_gpiote.o(i.nrf_gpio_ports_read)
    i.nrf_gpiote_event_clear                 0x0001d06c   Section        0  nrf_drv_gpiote.o(i.nrf_gpiote_event_clear)
    nrf_gpiote_event_clear                   0x0001d06d   Thumb Code    10  nrf_drv_gpiote.o(i.nrf_gpiote_event_clear)
    i.nrf_gpiote_event_is_set                0x0001d07c   Section        0  nrf_drv_gpiote.o(i.nrf_gpiote_event_is_set)
    nrf_gpiote_event_is_set                  0x0001d07d   Thumb Code    14  nrf_drv_gpiote.o(i.nrf_gpiote_event_is_set)
    i.nrf_log_backend_init                   0x0001d090   Section        0  nrf_log_backend_serial.o(i.nrf_log_backend_init)
    i.nrf_log_blocking_backend_set           0x0001d0b4   Section        0  nrf_log_frontend.o(i.nrf_log_blocking_backend_set)
    i.nrf_log_frontend_dequeue               0x0001d0c0   Section        0  nrf_log_frontend.o(i.nrf_log_frontend_dequeue)
    i.nrf_log_frontend_std_0                 0x0001d20c   Section        0  nrf_log_frontend.o(i.nrf_log_frontend_std_0)
    i.nrf_log_frontend_std_1                 0x0001d258   Section        0  nrf_log_frontend.o(i.nrf_log_frontend_std_1)
    i.nrf_uart_event_check                   0x0001d2b8   Section        0  nrf_drv_uart.o(i.nrf_uart_event_check)
    nrf_uart_event_check                     0x0001d2b9   Thumb Code    10  nrf_drv_uart.o(i.nrf_uart_event_check)
    i.nrf_uart_int_enable_check              0x0001d2c2   Section        0  nrf_drv_uart.o(i.nrf_uart_int_enable_check)
    nrf_uart_int_enable_check                0x0001d2c3   Thumb Code    16  nrf_drv_uart.o(i.nrf_uart_int_enable_check)
    i.nus_data_handler                       0x0001d2d4   Section        0  main.o(i.nus_data_handler)
    nus_data_handler                         0x0001d2d5   Thumb Code    54  main.o(i.nus_data_handler)
    i.on_adv_evt                             0x0001d324   Section        0  main.o(i.on_adv_evt)
    on_adv_evt                               0x0001d325   Thumb Code    18  main.o(i.on_adv_evt)
    i.on_ble_evt                             0x0001d338   Section        0  main.o(i.on_ble_evt)
    on_ble_evt                               0x0001d339   Thumb Code   172  main.o(i.on_ble_evt)
    i.on_conn_params_evt                     0x0001d3e8   Section        0  main.o(i.on_conn_params_evt)
    on_conn_params_evt                       0x0001d3e9   Thumb Code    26  main.o(i.on_conn_params_evt)
    i.pin_in_use_by_port                     0x0001d408   Section        0  nrf_drv_gpiote.o(i.pin_in_use_by_port)
    pin_in_use_by_port                       0x0001d409   Thumb Code    20  nrf_drv_gpiote.o(i.pin_in_use_by_port)
    i.pin_in_use_by_te                       0x0001d420   Section        0  nrf_drv_gpiote.o(i.pin_in_use_by_te)
    pin_in_use_by_te                         0x0001d421   Thumb Code    20  nrf_drv_gpiote.o(i.pin_in_use_by_te)
    i.pin_read_event_handler                 0x0001d438   Section        0  bbs.o(i.pin_read_event_handler)
    i.pin_tx_event_handler                   0x0001d488   Section        0  bbs.o(i.pin_tx_event_handler)
    i.ram_end_address_get                    0x0001d4b0   Section        0  softdevice_handler.o(i.ram_end_address_get)
    ram_end_address_get                      0x0001d4b1   Thumb Code    16  softdevice_handler.o(i.ram_end_address_get)
    i.raw_fifo_get                           0x0001d4c0   Section        0  bbs.o(i.raw_fifo_get)
    i.raw_fifo_put                           0x0001d4e4   Section        0  bbs.o(i.raw_fifo_put)
    i.rtc1_stop                              0x0001d500   Section        0  app_timer.o(i.rtc1_stop)
    rtc1_stop                                0x0001d501   Thumb Code    50  app_timer.o(i.rtc1_stop)
    i.rx_byte                                0x0001d544   Section        0  nrf_drv_uart.o(i.rx_byte)
    rx_byte                                  0x0001d545   Thumb Code    38  nrf_drv_uart.o(i.rx_byte)
    i.rx_char_add                            0x0001d56a   Section        0  ble_nus.o(i.rx_char_add)
    rx_char_add                              0x0001d56b   Thumb Code   158  ble_nus.o(i.rx_char_add)
    i.rx_done_event                          0x0001d608   Section        0  nrf_drv_uart.o(i.rx_done_event)
    rx_done_event                            0x0001d609   Thumb Code    20  nrf_drv_uart.o(i.rx_done_event)
    i.sd_nvic_EnableIRQ                      0x0001d61c   Section        0  softdevice_handler.o(i.sd_nvic_EnableIRQ)
    sd_nvic_EnableIRQ                        0x0001d61d   Thumb Code   112  softdevice_handler.o(i.sd_nvic_EnableIRQ)
    i.service_data_encode                    0x0001d6a0   Section        0  ble_advdata.o(i.service_data_encode)
    service_data_encode                      0x0001d6a1   Thumb Code   142  ble_advdata.o(i.service_data_encode)
    i.set_adv_mode_fast                      0x0001d730   Section        0  ble_advertising.o(i.set_adv_mode_fast)
    set_adv_mode_fast                        0x0001d731   Thumb Code    80  ble_advertising.o(i.set_adv_mode_fast)
    i.set_adv_mode_slow                      0x0001d788   Section        0  ble_advertising.o(i.set_adv_mode_slow)
    set_adv_mode_slow                        0x0001d789   Thumb Code    76  ble_advertising.o(i.set_adv_mode_slow)
    i.softdevice_ble_evt_handler_set         0x0001d7dc   Section        0  softdevice_handler.o(i.softdevice_ble_evt_handler_set)
    i.softdevice_enable                      0x0001d7f0   Section        0  softdevice_handler.o(i.softdevice_enable)
    i.softdevice_enable_get_default_config   0x0001d894   Section        0  softdevice_handler.o(i.softdevice_enable_get_default_config)
    i.softdevice_fault_handler               0x0001d8bc   Section        0  softdevice_handler.o(i.softdevice_fault_handler)
    i.softdevice_handler_init                0x0001d8c4   Section        0  softdevice_handler.o(i.softdevice_handler_init)
    i.softdevice_handler_is_enabled          0x0001d91c   Section        0  softdevice_handler.o(i.softdevice_handler_is_enabled)
    i.timer_list_handler                     0x0001d928   Section        0  app_timer.o(i.timer_list_handler)
    timer_list_handler                       0x0001d929   Thumb Code   128  app_timer.o(i.timer_list_handler)
    i.timer_list_handler_sched               0x0001d9ac   Section        0  app_timer.o(i.timer_list_handler_sched)
    timer_list_handler_sched                 0x0001d9ad   Thumb Code    10  app_timer.o(i.timer_list_handler_sched)
    i.timer_list_insert                      0x0001d9bc   Section        0  app_timer.o(i.timer_list_insert)
    timer_list_insert                        0x0001d9bd   Thumb Code    60  app_timer.o(i.timer_list_insert)
    i.timer_stop_op_schedule                 0x0001d9fc   Section        0  app_timer.o(i.timer_stop_op_schedule)
    timer_stop_op_schedule                   0x0001d9fd   Thumb Code    68  app_timer.o(i.timer_stop_op_schedule)
    i.timer_timeouts_check                   0x0001da44   Section        0  app_timer.o(i.timer_timeouts_check)
    timer_timeouts_check                     0x0001da45   Thumb Code   118  app_timer.o(i.timer_timeouts_check)
    i.tx_byte                                0x0001dac4   Section        0  nrf_drv_uart.o(i.tx_byte)
    tx_byte                                  0x0001dac5   Thumb Code    30  nrf_drv_uart.o(i.tx_byte)
    i.tx_char_add                            0x0001dae2   Section        0  ble_nus.o(i.tx_char_add)
    tx_char_add                              0x0001dae3   Thumb Code   128  ble_nus.o(i.tx_char_add)
    i.tx_done_event                          0x0001db62   Section        0  nrf_drv_uart.o(i.tx_done_event)
    tx_done_event                            0x0001db63   Thumb Code    24  nrf_drv_uart.o(i.tx_done_event)
    i.uart_irq_handler                       0x0001db7a   Section        0  nrf_drv_uart.o(i.uart_irq_handler)
    uart_irq_handler                         0x0001db7b   Thumb Code   296  nrf_drv_uart.o(i.uart_irq_handler)
    i.uint16_encode                          0x0001dca2   Section        0  ble_advdata.o(i.uint16_encode)
    uint16_encode                            0x0001dca3   Thumb Code    10  ble_advdata.o(i.uint16_encode)
    i.update_timeout_handler                 0x0001dcac   Section        0  ble_conn_params.o(i.update_timeout_handler)
    update_timeout_handler                   0x0001dcad   Thumb Code    86  ble_conn_params.o(i.update_timeout_handler)
    i.user_op_alloc                          0x0001dd10   Section        0  app_timer.o(i.user_op_alloc)
    user_op_alloc                            0x0001dd11   Thumb Code    40  app_timer.o(i.user_op_alloc)
    i.uuid_list_encode                       0x0001dd3c   Section        0  ble_advdata.o(i.uuid_list_encode)
    uuid_list_encode                         0x0001dd3d   Thumb Code    48  ble_advdata.o(i.uuid_list_encode)
    i.uuid_list_sized_encode                 0x0001dd6c   Section        0  ble_advdata.o(i.uuid_list_sized_encode)
    uuid_list_sized_encode                   0x0001dd6d   Thumb Code   174  ble_advdata.o(i.uuid_list_sized_encode)
    i.whitelist_has_entries                  0x0001de1c   Section        0  ble_advertising.o(i.whitelist_has_entries)
    whitelist_has_entries                    0x0001de1d   Thumb Code    18  ble_advertising.o(i.whitelist_has_entries)
    .constdata                               0x0001de34   Section        4  main.o(.constdata)
    .constdata                               0x0001de38   Section        4  ble_conn_params.o(.constdata)
    m_conn_params_timer_id                   0x0001de38   Data           4  ble_conn_params.o(.constdata)
    .constdata                               0x0001de3c   Section       16  ble_nus.o(.constdata)
    .constdata                               0x0001de4c   Section        4  bbs.o(.constdata)
    .constdata                               0x0001de50   Section        4  nrf_drv_gpiote.o(.constdata)
    .constdata                               0x0001de54   Section       36  nrf_log_frontend.o(.constdata)
    .constdata                               0x0001de78   Section       16  segger_rtt_printf.o(.constdata)
    _aV2C                                    0x0001de78   Data          16  segger_rtt_printf.o(.constdata)
    .conststring                             0x0001de88   Section       11  nrf_log_frontend.o(.conststring)
    .conststring                             0x0001de94   Section       66  softdevice_handler.o(.conststring)
    .data                                    0x20001fe8   Section        8  main.o(.data)
    m_bbs_state                              0x20001fe8   Data           1  main.o(.data)
    m_conn_handle                            0x20001fea   Data           2  main.o(.data)
    m_adv_uuids                              0x20001fec   Data           4  main.o(.data)
    .data                                    0x20001ff0   Section       48  ble_advertising.o(.data)
    m_initialized                            0x20001ff0   Data           1  ble_advertising.o(.data)
    m_advertising_start_pending              0x20001ff1   Data           1  ble_advertising.o(.data)
    m_adv_evt                                0x20001ff2   Data           1  ble_advertising.o(.data)
    m_adv_mode_current                       0x20001ff3   Data           1  ble_advertising.o(.data)
    m_peer_addr_reply_expected               0x20001ff4   Data           1  ble_advertising.o(.data)
    m_whitelist_temporarily_disabled         0x20001ff5   Data           1  ble_advertising.o(.data)
    m_whitelist_reply_expected               0x20001ff6   Data           1  ble_advertising.o(.data)
    m_current_slave_link_conn_handle         0x20001ff8   Data           2  ble_advertising.o(.data)
    m_slave_conn_int                         0x20001ffa   Data           4  ble_advertising.o(.data)
    m_evt_handler                            0x20002000   Data           4  ble_advertising.o(.data)
    m_error_handler                          0x20002004   Data           4  ble_advertising.o(.data)
    m_peer_address                           0x20002008   Data           7  ble_advertising.o(.data)
    m_whitelist                              0x20002010   Data          16  ble_advertising.o(.data)
    .data                                    0x20002020   Section       20  ble_conn_params.o(.data)
    m_change_param                           0x20002020   Data           1  ble_conn_params.o(.data)
    m_update_count                           0x20002021   Data           1  ble_conn_params.o(.data)
    m_conn_handle                            0x20002022   Data           2  ble_conn_params.o(.data)
    m_preferred_conn_params                  0x20002024   Data           8  ble_conn_params.o(.data)
    m_current_conn_params                    0x2000202c   Data           8  ble_conn_params.o(.data)
    .data                                    0x20002034   Section        8  bbs.o(.data)
    p_fifo_raw_character                     0x20002034   Data           4  bbs.o(.data)
    p_fifo_braille_character                 0x20002038   Data           4  bbs.o(.data)
    .data                                    0x2000203c   Section       32  app_timer.o(.data)
    m_ticks_elapsed_q_read_ind               0x2000203c   Data           1  app_timer.o(.data)
    m_ticks_elapsed_q_write_ind              0x2000203d   Data           1  app_timer.o(.data)
    m_rtc1_running                           0x2000203e   Data           1  app_timer.o(.data)
    m_rtc1_reset                             0x2000203f   Data           1  app_timer.o(.data)
    mp_timer_id_head                         0x20002040   Data           4  app_timer.o(.data)
    m_ticks_latest                           0x20002044   Data           4  app_timer.o(.data)
    m_evt_schedule_func                      0x20002048   Data           4  app_timer.o(.data)
    m_op_queue                               0x2000204c   Data           8  app_timer.o(.data)
    m_ticks_elapsed                          0x20002054   Data           8  app_timer.o(.data)
    .data                                    0x2000205c   Section       12  app_util_platform.o(.data)
    m_in_critical_region                     0x2000205c   Data           4  app_util_platform.o(.data)
    .data                                    0x20002068   Section        2  nrf_log_backend_serial.o(.data)
    m_initialized                            0x20002068   Data           1  nrf_log_backend_serial.o(.data)
    m_blocking_mode                          0x20002069   Data           1  nrf_log_backend_serial.o(.data)
    .data                                    0x2000206c   Section        4  nrf_log_frontend.o(.data)
    m_overflow_info                          0x2000206c   Data           4  nrf_log_frontend.o(.data)
    .data                                    0x20002070   Section       20  softdevice_handler.o(.data)
    m_softdevice_enabled                     0x20002070   Data           1  softdevice_handler.o(.data)
    m_suspended                              0x20002071   Data           1  softdevice_handler.o(.data)
    m_ble_evt_buffer_size                    0x20002072   Data           2  softdevice_handler.o(.data)
    m_evt_schedule_func                      0x20002074   Data           4  softdevice_handler.o(.data)
    mp_ble_evt_buffer                        0x20002078   Data           4  softdevice_handler.o(.data)
    m_ble_evt_handler                        0x2000207c   Data           4  softdevice_handler.o(.data)
    m_sys_evt_handler                        0x20002080   Data           4  softdevice_handler.o(.data)
    .data                                    0x20002084   Section        4  system_nrf51.o(.data)
    __tagsym$$used                           0x20002084   Number         0  system_nrf51.o(.data)
    .bss                                     0x20002088   Section      220  main.o(.bss)
    BLE_EVT_BUFFER                           0x20002088   Data          72  main.o(.bss)
    APP_TIMER_BUF                            0x200020d0   Data         120  main.o(.bss)
    m_nus                                    0x20002148   Data          28  main.o(.bss)
    .bss                                     0x20002164   Section      363  ble_advertising.o(.bss)
    m_adv_modes_config                       0x20002164   Data          32  ble_advertising.o(.bss)
    m_advdata                                0x20002184   Data          60  ble_advertising.o(.bss)
    m_manuf_specific_data                    0x200021c0   Data          12  ble_advertising.o(.bss)
    m_manuf_data_array                       0x200021cc   Data          31  ble_advertising.o(.bss)
    m_service_data                           0x200021ec   Data          12  ble_advertising.o(.bss)
    m_service_data_array                     0x200021f8   Data          31  ble_advertising.o(.bss)
    m_whitelist_addrs                        0x20002217   Data          56  ble_advertising.o(.bss)
    m_whitelist_irks                         0x2000224f   Data         128  ble_advertising.o(.bss)
    .bss                                     0x200022d0   Section       32  ble_advertising.o(.bss)
    m_p_whitelist_addrs                      0x200022d0   Data          32  ble_advertising.o(.bss)
    .bss                                     0x200022f0   Section       32  ble_advertising.o(.bss)
    m_p_whitelist_irks                       0x200022f0   Data          32  ble_advertising.o(.bss)
    .bss                                     0x20002310   Section       32  ble_conn_params.o(.bss)
    m_conn_params_timer_id_data              0x20002310   Data          32  ble_conn_params.o(.bss)
    .bss                                     0x20002330   Section       28  ble_conn_params.o(.bss)
    m_conn_params_config                     0x20002330   Data          28  ble_conn_params.o(.bss)
    .bss                                     0x2000234c   Section      287  bbs.o(.bss)
    m_raw_fifo                               0x2000234c   Data          16  bbs.o(.bss)
    m_braille_fifo                           0x2000235c   Data          16  bbs.o(.bss)
    raw_buf                                  0x2000236c   Data         255  bbs.o(.bss)
    .bss                                     0x2000246c   Section       20  nrf_drv_clock.o(.bss)
    m_clock_cb                               0x2000246c   Data          20  nrf_drv_clock.o(.bss)
    .bss                                     0x20002480   Section       72  nrf_drv_gpiote.o(.bss)
    m_cb                                     0x20002480   Data          72  nrf_drv_gpiote.o(.bss)
    .bss                                     0x200024c8   Section       28  nrf_drv_uart.o(.bss)
    m_cb                                     0x200024c8   Data          28  nrf_drv_uart.o(.bss)
    .bss                                     0x200024e4   Section      104  fstorage.o(.bss)
    m_queue                                  0x200024e4   Data         104  fstorage.o(.bss)
    .bss                                     0x2000254c   Section     1048  nrf_log_frontend.o(.bss)
    m_log_data                               0x2000254c   Data        1048  nrf_log_frontend.o(.bss)
    .bss                                     0x20002964   Section      648  segger_rtt.o(.bss)
    _acUpBuffer                              0x20002964   Data         512  segger_rtt.o(.bss)
    _acDownBuffer                            0x20002b64   Data          16  segger_rtt.o(.bss)
    STACK                                    0x20002bf0   Section     2048  arm_startup_nrf51.o(STACK)

    Global Symbols

    Symbol Name                              Value     Ov Type        Size  Object(Section)

    BuildAttributes$$THM_ISAv3M$S$PE$A:L22$X:L11$S22$IEEE1$IW$USESV6$~STKCKD$USESV7$~SHL$OSPACE$ROPI$EBA8$MICROLIB$REQ8$PRES8$EABIv2 0x00000000   Number         0  anon$$obj.o ABSOLUTE
    __ARM_use_no_argv                        0x00000000   Number         0  main.o ABSOLUTE
    _printf_a                                0x00000000   Number         0  stubs.o ABSOLUTE
    _printf_c                                0x00000000   Number         0  stubs.o ABSOLUTE
    _printf_charcount                        0x00000000   Number         0  stubs.o ABSOLUTE
    _printf_d                                0x00000000   Number         0  stubs.o ABSOLUTE
    _printf_e                                0x00000000   Number         0  stubs.o ABSOLUTE
    _printf_f                                0x00000000   Number         0  stubs.o ABSOLUTE
    _printf_flags                            0x00000000   Number         0  stubs.o ABSOLUTE
    _printf_fp_dec                           0x00000000   Number         0  stubs.o ABSOLUTE
    _printf_fp_hex                           0x00000000   Number         0  stubs.o ABSOLUTE
    _printf_g                                0x00000000   Number         0  stubs.o ABSOLUTE
    _printf_i                                0x00000000   Number         0  stubs.o ABSOLUTE
    _printf_int_dec                          0x00000000   Number         0  stubs.o ABSOLUTE
    _printf_l                                0x00000000   Number         0  stubs.o ABSOLUTE
    _printf_lc                               0x00000000   Number         0  stubs.o ABSOLUTE
    _printf_ll                               0x00000000   Number         0  stubs.o ABSOLUTE
    _printf_lld                              0x00000000   Number         0  stubs.o ABSOLUTE
    _printf_lli                              0x00000000   Number         0  stubs.o ABSOLUTE
    _printf_llo                              0x00000000   Number         0  stubs.o ABSOLUTE
    _printf_llu                              0x00000000   Number         0  stubs.o ABSOLUTE
    _printf_llx                              0x00000000   Number         0  stubs.o ABSOLUTE
    _printf_longlong_dec                     0x00000000   Number         0  stubs.o ABSOLUTE
    _printf_longlong_hex                     0x00000000   Number         0  stubs.o ABSOLUTE
    _printf_longlong_oct                     0x00000000   Number         0  stubs.o ABSOLUTE
    _printf_ls                               0x00000000   Number         0  stubs.o ABSOLUTE
    _printf_mbtowc                           0x00000000   Number         0  stubs.o ABSOLUTE
    _printf_n                                0x00000000   Number         0  stubs.o ABSOLUTE
    _printf_o                                0x00000000   Number         0  stubs.o ABSOLUTE
    _printf_p                                0x00000000   Number         0  stubs.o ABSOLUTE
    _printf_percent                          0x00000000   Number         0  stubs.o ABSOLUTE
    _printf_pre_padding                      0x00000000   Number         0  stubs.o ABSOLUTE
    _printf_return_value                     0x00000000   Number         0  stubs.o ABSOLUTE
    _printf_s                                0x00000000   Number         0  stubs.o ABSOLUTE
    _printf_sizespec                         0x00000000   Number         0  stubs.o ABSOLUTE
    _printf_str                              0x00000000   Number         0  stubs.o ABSOLUTE
    _printf_truncate_signed                  0x00000000   Number         0  stubs.o ABSOLUTE
    _printf_truncate_unsigned                0x00000000   Number         0  stubs.o ABSOLUTE
    _printf_u                                0x00000000   Number         0  stubs.o ABSOLUTE
    _printf_wc                               0x00000000   Number         0  stubs.o ABSOLUTE
    _printf_wctomb                           0x00000000   Number         0  stubs.o ABSOLUTE
    _printf_widthprec                        0x00000000   Number         0  stubs.o ABSOLUTE
    _printf_x                                0x00000000   Number         0  stubs.o ABSOLUTE
    __cpp_initialize__aeabi_                  - Undefined Weak Reference
    __cxa_finalize                            - Undefined Weak Reference
    __decompress                              - Undefined Weak Reference
    _clock_init                               - Undefined Weak Reference
    _microlib_exit                            - Undefined Weak Reference
    fs_data$$Base                             - Undefined Reference
    fs_data$$Limit                            - Undefined Reference
    __Vectors_Size                           0x000000c0   Number         0  arm_startup_nrf51.o ABSOLUTE
    __Vectors                                0x0001b000   Data           4  arm_startup_nrf51.o(RESET)
    __Vectors_End                            0x0001b0c0   Data           0  arm_startup_nrf51.o(RESET)
    __main                                   0x0001b0c1   Thumb Code     0  entry.o(.ARM.Collect$$$$00000000)
    _main_stk                                0x0001b0c1   Thumb Code     0  entry2.o(.ARM.Collect$$$$00000001)
    _main_scatterload                        0x0001b0c5   Thumb Code     0  entry5.o(.ARM.Collect$$$$00000004)
    __main_after_scatterload                 0x0001b0c9   Thumb Code     0  entry5.o(.ARM.Collect$$$$00000004)
    _main_clock                              0x0001b0c9   Thumb Code     0  entry7b.o(.ARM.Collect$$$$00000008)
    _main_cpp_init                           0x0001b0c9   Thumb Code     0  entry8b.o(.ARM.Collect$$$$0000000A)
    _main_init                               0x0001b0c9   Thumb Code     0  entry9a.o(.ARM.Collect$$$$0000000B)
    __rt_final_cpp                           0x0001b0d1   Thumb Code     0  entry10a.o(.ARM.Collect$$$$0000000D)
    __rt_final_exit                          0x0001b0d1   Thumb Code     0  entry11a.o(.ARM.Collect$$$$0000000F)
    Reset_Handler                            0x0001b0d5   Thumb Code    26  arm_startup_nrf51.o(.text)
    NMI_Handler                              0x0001b0ef   Thumb Code     2  arm_startup_nrf51.o(.text)
    HardFault_Handler                        0x0001b0f1   Thumb Code     2  arm_startup_nrf51.o(.text)
    SVC_Handler                              0x0001b0f3   Thumb Code     2  arm_startup_nrf51.o(.text)
    PendSV_Handler                           0x0001b0f5   Thumb Code     2  arm_startup_nrf51.o(.text)
    SysTick_Handler                          0x0001b0f7   Thumb Code     2  arm_startup_nrf51.o(.text)
    ADC_IRQHandler                           0x0001b0f9   Thumb Code     0  arm_startup_nrf51.o(.text)
    CCM_AAR_IRQHandler                       0x0001b0f9   Thumb Code     0  arm_startup_nrf51.o(.text)
    ECB_IRQHandler                           0x0001b0f9   Thumb Code     0  arm_startup_nrf51.o(.text)
    LPCOMP_IRQHandler                        0x0001b0f9   Thumb Code     0  arm_startup_nrf51.o(.text)
    QDEC_IRQHandler                          0x0001b0f9   Thumb Code     0  arm_startup_nrf51.o(.text)
    RADIO_IRQHandler                         0x0001b0f9   Thumb Code     0  arm_startup_nrf51.o(.text)
    RNG_IRQHandler                           0x0001b0f9   Thumb Code     0  arm_startup_nrf51.o(.text)
    RTC0_IRQHandler                          0x0001b0f9   Thumb Code     0  arm_startup_nrf51.o(.text)
    SPI0_TWI0_IRQHandler                     0x0001b0f9   Thumb Code     0  arm_startup_nrf51.o(.text)
    SPI1_TWI1_IRQHandler                     0x0001b0f9   Thumb Code     0  arm_startup_nrf51.o(.text)
    SWI1_IRQHandler                          0x0001b0f9   Thumb Code     0  arm_startup_nrf51.o(.text)
    SWI3_IRQHandler                          0x0001b0f9   Thumb Code     0  arm_startup_nrf51.o(.text)
    SWI4_IRQHandler                          0x0001b0f9   Thumb Code     0  arm_startup_nrf51.o(.text)
    SWI5_IRQHandler                          0x0001b0f9   Thumb Code     0  arm_startup_nrf51.o(.text)
    TEMP_IRQHandler                          0x0001b0f9   Thumb Code     0  arm_startup_nrf51.o(.text)
    TIMER0_IRQHandler                        0x0001b0f9   Thumb Code     0  arm_startup_nrf51.o(.text)
    TIMER1_IRQHandler                        0x0001b0f9   Thumb Code     0  arm_startup_nrf51.o(.text)
    TIMER2_IRQHandler                        0x0001b0f9   Thumb Code     0  arm_startup_nrf51.o(.text)
    WDT_IRQHandler                           0x0001b0f9   Thumb Code     0  arm_startup_nrf51.o(.text)
    __aeabi_uidiv                            0x0001b10d   Thumb Code     0  uidiv.o(.text)
    __aeabi_uidivmod                         0x0001b10d   Thumb Code    44  uidiv.o(.text)
    __aeabi_idiv                             0x0001b139   Thumb Code     0  idiv.o(.text)
    __aeabi_idivmod                          0x0001b139   Thumb Code    40  idiv.o(.text)
    __aeabi_memcpy                           0x0001b161   Thumb Code    36  memcpya.o(.text)
    __aeabi_memcpy4                          0x0001b161   Thumb Code     0  memcpya.o(.text)
    __aeabi_memcpy8                          0x0001b161   Thumb Code     0  memcpya.o(.text)
    __aeabi_memset                           0x0001b185   Thumb Code    14  memseta.o(.text)
    __aeabi_memset4                          0x0001b185   Thumb Code     0  memseta.o(.text)
    __aeabi_memset8                          0x0001b185   Thumb Code     0  memseta.o(.text)
    __aeabi_memclr                           0x0001b193   Thumb Code     4  memseta.o(.text)
    __aeabi_memclr4                          0x0001b193   Thumb Code     0  memseta.o(.text)
    __aeabi_memclr8                          0x0001b193   Thumb Code     0  memseta.o(.text)
    _memset$wrapper                          0x0001b197   Thumb Code    18  memseta.o(.text)
    strcpy                                   0x0001b1a9   Thumb Code    18  strcpy.o(.text)
    __scatterload                            0x0001b1bd   Thumb Code    28  init.o(.text)
    __scatterload_rt2                        0x0001b1bd   Thumb Code     0  init.o(.text)
    GPIOTE_IRQHandler                        0x0001b1e1   Thumb Code   364  nrf_drv_gpiote.o(i.GPIOTE_IRQHandler)
    POWER_CLOCK_IRQHandler                   0x0001b39d   Thumb Code    70  nrf_drv_clock.o(i.POWER_CLOCK_IRQHandler)
    RTC1_IRQHandler                          0x0001b3f1   Thumb Code    28  app_timer.o(i.RTC1_IRQHandler)
    SEGGER_RTT_Init                          0x0001b411   Thumb Code    16  segger_rtt.o(i.SEGGER_RTT_Init)
    SEGGER_RTT_Write                         0x0001b425   Thumb Code    56  segger_rtt.o(i.SEGGER_RTT_Write)
    SEGGER_RTT_WriteNoLock                   0x0001b461   Thumb Code    86  segger_rtt.o(i.SEGGER_RTT_WriteNoLock)
    SEGGER_RTT_printf                        0x0001b4bd   Thumb Code    24  segger_rtt_printf.o(i.SEGGER_RTT_printf)
    SEGGER_RTT_vprintf                       0x0001b4d5   Thumb Code   404  segger_rtt_printf.o(i.SEGGER_RTT_vprintf)
    SWI0_IRQHandler                          0x0001b669   Thumb Code     8  app_timer.o(i.SWI0_IRQHandler)
    SWI2_IRQHandler                          0x0001b671   Thumb Code    28  softdevice_handler.o(i.SWI2_IRQHandler)
    SystemInit                               0x0001b691   Thumb Code   130  system_nrf51.o(i.SystemInit)
    UART0_IRQHandler                         0x0001b731   Thumb Code    12  nrf_drv_uart.o(i.UART0_IRQHandler)
    __ARM_common_switch8                     0x0001ba43   Thumb Code    26  bsp.o(i.__ARM_common_switch8)
    __scatterload_copy                       0x0001ba5d   Thumb Code    14  handlers.o(i.__scatterload_copy)
    __scatterload_null                       0x0001ba6b   Thumb Code     2  handlers.o(i.__scatterload_null)
    __scatterload_zeroinit                   0x0001ba6d   Thumb Code    14  handlers.o(i.__scatterload_zeroinit)
    add_input_pins                           0x0001ba99   Thumb Code   112  bbs.o(i.add_input_pins)
    adv_data_encode                          0x0001bb11   Thumb Code   398  ble_advdata.o(i.adv_data_encode)
    app_error_fault_handler                  0x0001bd09   Thumb Code    40  app_error_weak.o(i.app_error_fault_handler)
    app_error_handler_bare                   0x0001bd51   Thumb Code    20  app_error.o(i.app_error_handler_bare)
    app_timer_create                         0x0001bd69   Thumb Code    40  app_timer.o(i.app_timer_create)
    app_timer_init                           0x0001bd95   Thumb Code    98  app_timer.o(i.app_timer_init)
    app_timer_start                          0x0001be09   Thumb Code   128  app_timer.o(i.app_timer_start)
    app_timer_stop                           0x0001be91   Thumb Code    36  app_timer.o(i.app_timer_stop)
    app_util_critical_region_enter           0x0001beb9   Thumb Code    48  app_util_platform.o(i.app_util_critical_region_enter)
    app_util_critical_region_exit            0x0001bef5   Thumb Code    36  app_util_platform.o(i.app_util_critical_region_exit)
    bbs_init                                 0x0001bf21   Thumb Code    58  bbs.o(i.bbs_init)
    ble_advdata_set                          0x0001bf6d   Thumb Code   104  ble_advdata.o(i.ble_advdata_set)
    ble_advertising_init                     0x0001bfd5   Thumb Code   340  ble_advertising.o(i.ble_advertising_init)
    ble_advertising_on_ble_evt               0x0001c131   Thumb Code    82  ble_advertising.o(i.ble_advertising_on_ble_evt)
    ble_advertising_start                    0x0001c189   Thumb Code   256  ble_advertising.o(i.ble_advertising_start)
    ble_conn_params_init                     0x0001c291   Thumb Code    68  ble_conn_params.o(i.ble_conn_params_init)
    ble_conn_params_on_ble_evt               0x0001c2e5   Thumb Code   130  ble_conn_params.o(i.ble_conn_params_on_ble_evt)
    ble_nus_init                             0x0001c3f9   Thumb Code    98  ble_nus.o(i.ble_nus_init)
    ble_nus_on_ble_evt                       0x0001c461   Thumb Code    92  ble_nus.o(i.ble_nus_on_ble_evt)
    ble_srv_is_notification_enabled          0x0001c4bd   Thumb Code    14  ble_srv_common.o(i.ble_srv_is_notification_enabled)
    braille_fifo_get                         0x0001c4cd   Thumb Code    32  bbs.o(i.braille_fifo_get)
    braille_fifo_put                         0x0001c4f1   Thumb Code    24  bbs.o(i.braille_fifo_put)
    buffer_is_empty                          0x0001c57d   Thumb Code    16  nrf_log_frontend.o(i.buffer_is_empty)
    fs_queued_op_count_get                   0x0001c80d   Thumb Code    18  fstorage.o(i.fs_queued_op_count_get)
    intern_softdevice_events_execute         0x0001c825   Thumb Code   122  softdevice_handler.o(i.intern_softdevice_events_execute)
    main                                     0x0001ca71   Thumb Code   354  main.o(i.main)
    nrf_drv_clock_init                       0x0001cd75   Thumb Code    60  nrf_drv_clock.o(i.nrf_drv_clock_init)
    nrf_drv_clock_on_sd_enable               0x0001cdbd   Thumb Code    46  nrf_drv_clock.o(i.nrf_drv_clock_on_sd_enable)
    nrf_drv_clock_on_soc_event               0x0001cdf1   Thumb Code    12  nrf_drv_clock.o(i.nrf_drv_clock_on_soc_event)
    nrf_drv_common_irq_enable                0x0001cdfd   Thumb Code    78  nrf_drv_common.o(i.nrf_drv_common_irq_enable)
    nrf_drv_gpiote_in_event_enable           0x0001ce5d   Thumb Code   136  nrf_drv_gpiote.o(i.nrf_drv_gpiote_in_event_enable)
    nrf_drv_gpiote_in_init                   0x0001cef5   Thumb Code   154  nrf_drv_gpiote.o(i.nrf_drv_gpiote_in_init)
    nrf_drv_gpiote_init                      0x0001cf9d   Thumb Code    84  nrf_drv_gpiote.o(i.nrf_drv_gpiote_init)
    nrf_log_backend_init                     0x0001d091   Thumb Code    32  nrf_log_backend_serial.o(i.nrf_log_backend_init)
    nrf_log_blocking_backend_set             0x0001d0b5   Thumb Code    10  nrf_log_frontend.o(i.nrf_log_blocking_backend_set)
    nrf_log_frontend_dequeue                 0x0001d0c1   Thumb Code   318  nrf_log_frontend.o(i.nrf_log_frontend_dequeue)
    nrf_log_frontend_std_0                   0x0001d20d   Thumb Code    68  nrf_log_frontend.o(i.nrf_log_frontend_std_0)
    nrf_log_frontend_std_1                   0x0001d259   Thumb Code    86  nrf_log_frontend.o(i.nrf_log_frontend_std_1)
    pin_read_event_handler                   0x0001d439   Thumb Code    48  bbs.o(i.pin_read_event_handler)
    pin_tx_event_handler                     0x0001d489   Thumb Code    14  bbs.o(i.pin_tx_event_handler)
    raw_fifo_get                             0x0001d4c1   Thumb Code    32  bbs.o(i.raw_fifo_get)
    raw_fifo_put                             0x0001d4e5   Thumb Code    24  bbs.o(i.raw_fifo_put)
    softdevice_ble_evt_handler_set           0x0001d7dd   Thumb Code    16  softdevice_handler.o(i.softdevice_ble_evt_handler_set)
    softdevice_enable                        0x0001d7f1   Thumb Code    62  softdevice_handler.o(i.softdevice_enable)
    softdevice_enable_get_default_config     0x0001d895   Thumb Code    40  softdevice_handler.o(i.softdevice_enable_get_default_config)
    softdevice_fault_handler                 0x0001d8bd   Thumb Code     8  softdevice_handler.o(i.softdevice_fault_handler)
    softdevice_handler_init                  0x0001d8c5   Thumb Code    74  softdevice_handler.o(i.softdevice_handler_init)
    softdevice_handler_is_enabled            0x0001d91d   Thumb Code     6  softdevice_handler.o(i.softdevice_handler_is_enabled)
    Region$$Table$$Base                      0x0001ded8   Number         0  anon$$obj.o(Region$$Table)
    Region$$Table$$Limit                     0x0001def8   Number         0  anon$$obj.o(Region$$Table)
    Image$$RW_IRAM1$$Base                    0x20001fe8   Number         0  anon$$obj.o ABSOLUTE
    nrf_nvic_state                           0x20002060   Data           8  app_util_platform.o(.data)
    SystemCoreClock                          0x20002084   Data           4  system_nrf51.o(.data)
    _SEGGER_RTT                              0x20002b74   Data         120  segger_rtt.o(.bss)
    __initial_sp                             0x200033f0   Data           0  arm_startup_nrf51.o(STACK)



==============================================================================

Memory Map of the image

  Image Entry point : 0x0001b0c1

  Load Region LR_IROM1 (Base: 0x0001b000, Size: 0x00002f98, Max: 0x00025000, ABSOLUTE)

    Execution Region ER_IROM1 (Base: 0x0001b000, Size: 0x00002ef8, Max: 0x00025000, ABSOLUTE)

    Base Addr    Size         Type   Attr      Idx    E Section Name        Object

    0x0001b000   0x000000c0   Data   RO         2764    RESET               arm_startup_nrf51.o
    0x0001b0c0   0x00000000   Code   RO         2806  * .ARM.Collect$$$$00000000  mc_p.l(entry.o)
    0x0001b0c0   0x00000004   Code   RO         3112    .ARM.Collect$$$$00000001  mc_p.l(entry2.o)
    0x0001b0c4   0x00000004   Code   RO         3115    .ARM.Collect$$$$00000004  mc_p.l(entry5.o)
    0x0001b0c8   0x00000000   Code   RO         3117    .ARM.Collect$$$$00000008  mc_p.l(entry7b.o)
    0x0001b0c8   0x00000000   Code   RO         3119    .ARM.Collect$$$$0000000A  mc_p.l(entry8b.o)
    0x0001b0c8   0x00000008   Code   RO         3120    .ARM.Collect$$$$0000000B  mc_p.l(entry9a.o)
    0x0001b0d0   0x00000000   Code   RO         3122    .ARM.Collect$$$$0000000D  mc_p.l(entry10a.o)
    0x0001b0d0   0x00000000   Code   RO         3124    .ARM.Collect$$$$0000000F  mc_p.l(entry11a.o)
    0x0001b0d0   0x00000004   Code   RO         3113    .ARM.Collect$$$$00002712  mc_p.l(entry2.o)
    0x0001b0d4   0x00000038   Code   RO         2765    .text               arm_startup_nrf51.o
    0x0001b10c   0x0000002c   Code   RO         2809    .text               mc_p.l(uidiv.o)
    0x0001b138   0x00000028   Code   RO         2811    .text               mc_p.l(idiv.o)
    0x0001b160   0x00000024   Code   RO         2841    .text               mc_p.l(memcpya.o)
    0x0001b184   0x00000024   Code   RO         2843    .text               mc_p.l(memseta.o)
    0x0001b1a8   0x00000012   Code   RO         2847    .text               mc_p.l(strcpy.o)
    0x0001b1ba   0x00000002   PAD
    0x0001b1bc   0x00000024   Code   RO         3139    .text               mc_p.l(init.o)
    0x0001b1e0   0x00000178   Code   RO         1206    i.GPIOTE_IRQHandler  nrf_drv_gpiote.o
    0x0001b358   0x00000044   Code   RO         1781    i.NVIC_SetPriority  app_timer.o
    0x0001b39c   0x00000054   Code   RO         1001    i.POWER_CLOCK_IRQHandler  nrf_drv_clock.o
    0x0001b3f0   0x00000020   Code   RO         1782    i.RTC1_IRQHandler   app_timer.o
    0x0001b410   0x00000014   Code   RO         2573    i.SEGGER_RTT_Init   segger_rtt.o
    0x0001b424   0x0000003c   Code   RO         2581    i.SEGGER_RTT_Write  segger_rtt.o
    0x0001b460   0x0000005c   Code   RO         2582    i.SEGGER_RTT_WriteNoLock  segger_rtt.o
    0x0001b4bc   0x00000018   Code   RO         2715    i.SEGGER_RTT_printf  segger_rtt_printf.o
    0x0001b4d4   0x00000194   Code   RO         2716    i.SEGGER_RTT_vprintf  segger_rtt_printf.o
    0x0001b668   0x00000008   Code   RO         1783    i.SWI0_IRQHandler   app_timer.o
    0x0001b670   0x00000020   Code   RO         2426    i.SWI2_IRQHandler   softdevice_handler.o
    0x0001b690   0x000000a0   Code   RO         2772    i.SystemInit        system_nrf51.o
    0x0001b730   0x00000014   Code   RO         1421    i.UART0_IRQHandler  nrf_drv_uart.o
    0x0001b744   0x0000006c   Code   RO         2585    i._DoInit           segger_rtt.o
    0x0001b7b0   0x00000016   Code   RO         2586    i._GetAvailWriteSpace  segger_rtt.o
    0x0001b7c6   0x000000c8   Code   RO         2717    i._PrintInt         segger_rtt_printf.o
    0x0001b88e   0x00000002   PAD
    0x0001b890   0x000000d8   Code   RO         2718    i._PrintUnsigned    segger_rtt_printf.o
    0x0001b968   0x0000003e   Code   RO         2719    i._StoreChar        segger_rtt_printf.o
    0x0001b9a6   0x00000060   Code   RO         2588    i._WriteBlocking    segger_rtt.o
    0x0001ba06   0x0000003c   Code   RO         2589    i._WriteNoCheck     segger_rtt.o
    0x0001ba42   0x0000001a   Code   RO          473    i.__ARM_common_switch8  bsp.o
    0x0001ba5c   0x0000000e   Code   RO         3153    i.__scatterload_copy  mc_p.l(handlers.o)
    0x0001ba6a   0x00000002   Code   RO         3154    i.__scatterload_null  mc_p.l(handlers.o)
    0x0001ba6c   0x0000000e   Code   RO         3155    i.__scatterload_zeroinit  mc_p.l(handlers.o)
    0x0001ba7a   0x00000002   PAD
    0x0001ba7c   0x0000001c   Code   RO         2427    i.__sd_nvic_app_accessible_irq  softdevice_handler.o
    0x0001ba98   0x00000078   Code   RO          908    i.add_input_pins    bbs.o
    0x0001bb10   0x0000018e   Code   RO          566    i.adv_data_encode   ble_advdata.o
    0x0001bc9e   0x00000002   PAD
    0x0001bca0   0x00000068   Code   RO          651    i.adv_mode_next_avail_get  ble_advertising.o
    0x0001bd08   0x00000048   Code   RO         1689    i.app_error_fault_handler  app_error_weak.o
    0x0001bd50   0x00000018   Code   RO         1651    i.app_error_handler_bare  app_error.o
    0x0001bd68   0x0000002c   Code   RO         1786    i.app_timer_create  app_timer.o
    0x0001bd94   0x00000074   Code   RO         1787    i.app_timer_init    app_timer.o
    0x0001be08   0x00000088   Code   RO         1788    i.app_timer_start   app_timer.o
    0x0001be90   0x00000028   Code   RO         1789    i.app_timer_stop    app_timer.o
    0x0001beb8   0x0000003c   Code   RO         1985    i.app_util_critical_region_enter  app_util_platform.o
    0x0001bef4   0x0000002c   Code   RO         1986    i.app_util_critical_region_exit  app_util_platform.o
    0x0001bf20   0x0000004c   Code   RO          909    i.bbs_init          bbs.o
    0x0001bf6c   0x00000068   Code   RO          567    i.ble_advdata_set   ble_advdata.o
    0x0001bfd4   0x0000015c   Code   RO          652    i.ble_advertising_init  ble_advertising.o
    0x0001c130   0x00000058   Code   RO          653    i.ble_advertising_on_ble_evt  ble_advertising.o
    0x0001c188   0x00000108   Code   RO          657    i.ble_advertising_start  ble_advertising.o
    0x0001c290   0x00000054   Code   RO          745    i.ble_conn_params_init  ble_conn_params.o
    0x0001c2e4   0x00000090   Code   RO          746    i.ble_conn_params_on_ble_evt  ble_conn_params.o
    0x0001c374   0x0000005e   Code   RO          568    i.ble_device_addr_encode  ble_advdata.o
    0x0001c3d2   0x00000002   PAD
    0x0001c3d4   0x00000024   Code   RO            4    i.ble_evt_dispatch  main.o
    0x0001c3f8   0x00000068   Code   RO          864    i.ble_nus_init      ble_nus.o
    0x0001c460   0x0000005c   Code   RO          865    i.ble_nus_on_ble_evt  ble_nus.o
    0x0001c4bc   0x0000000e   Code   RO          811    i.ble_srv_is_notification_enabled  ble_srv_common.o
    0x0001c4ca   0x00000002   PAD
    0x0001c4cc   0x00000024   Code   RO          910    i.braille_fifo_get  bbs.o
    0x0001c4f0   0x0000001c   Code   RO          911    i.braille_fifo_put  bbs.o
    0x0001c50c   0x00000070   Code   RO         2303    i.buf_prealloc      nrf_log_frontend.o
    0x0001c57c   0x00000014   Code   RO         2304    i.buffer_is_empty   nrf_log_frontend.o
    0x0001c590   0x0000001c   Code   RO         1207    i.channel_free      nrf_drv_gpiote.o
    0x0001c5ac   0x00000048   Code   RO         1208    i.channel_port_alloc  nrf_drv_gpiote.o
    0x0001c5f4   0x00000010   Code   RO         1209    i.channel_port_get  nrf_drv_gpiote.o
    0x0001c604   0x00000028   Code   RO         1002    i.clock_clk_started_notify  nrf_drv_clock.o
    0x0001c62c   0x000000a8   Code   RO         1791    i.compare_reg_update  app_timer.o
    0x0001c6d4   0x00000088   Code   RO          569    i.conn_int_encode   ble_advdata.o
    0x0001c75c   0x00000008   Code   RO            5    i.conn_params_error_handler  main.o
    0x0001c764   0x00000068   Code   RO          748    i.conn_params_negotiation  ble_conn_params.o
    0x0001c7cc   0x00000040   Code   RO         1792    i.elapsed_ticks_acquire  app_timer.o
    0x0001c80c   0x00000018   Code   RO         2038    i.fs_queued_op_count_get  fstorage.o
    0x0001c824   0x00000080   Code   RO         2428    i.intern_softdevice_events_execute  softdevice_handler.o
    0x0001c8a4   0x0000001c   Code   RO          749    i.is_conn_params_ok  ble_conn_params.o
    0x0001c8c0   0x00000048   Code   RO         2773    i.is_manual_peripheral_setup_needed  system_nrf51.o
    0x0001c908   0x000000ac   Code   RO         1793    i.list_deletions_handler  app_timer.o
    0x0001c9b4   0x000000bc   Code   RO         1794    i.list_insertions_handler  app_timer.o
    0x0001ca70   0x000001ac   Code   RO            6    i.main              main.o
    0x0001cc1c   0x00000068   Code   RO          570    i.manuf_specific_data_encode  ble_advdata.o
    0x0001cc84   0x0000009e   Code   RO          571    i.name_encode       ble_advdata.o
    0x0001cd22   0x00000010   Code   RO         1210    i.nrf_bitmask_bit_is_set  nrf_drv_gpiote.o
    0x0001cd32   0x00000010   Code   RO         1006    i.nrf_clock_event_check  nrf_drv_clock.o
    0x0001cd42   0x00000002   PAD
    0x0001cd44   0x00000030   Code   RO         1795    i.nrf_delay_us      app_timer.o
    0x0001cd74   0x00000048   Code   RO         1013    i.nrf_drv_clock_init  nrf_drv_clock.o
    0x0001cdbc   0x00000034   Code   RO         1020    i.nrf_drv_clock_on_sd_enable  nrf_drv_clock.o
    0x0001cdf0   0x0000000c   Code   RO         1021    i.nrf_drv_clock_on_soc_event  nrf_drv_clock.o
    0x0001cdfc   0x00000060   Code   RO         1172    i.nrf_drv_common_irq_enable  nrf_drv_common.o
    0x0001ce5c   0x00000098   Code   RO         1213    i.nrf_drv_gpiote_in_event_enable  nrf_drv_gpiote.o
    0x0001cef4   0x000000a8   Code   RO         1214    i.nrf_drv_gpiote_in_init  nrf_drv_gpiote.o
    0x0001cf9c   0x0000005c   Code   RO         1217    i.nrf_drv_gpiote_init  nrf_drv_gpiote.o
    0x0001cff8   0x00000028   Code   RO         1230    i.nrf_gpio_cfg      nrf_drv_gpiote.o
    0x0001d020   0x00000022   Code   RO         1232    i.nrf_gpio_cfg_sense_set  nrf_drv_gpiote.o
    0x0001d042   0x00000002   PAD
    0x0001d044   0x00000028   Code   RO         1233    i.nrf_gpio_ports_read  nrf_drv_gpiote.o
    0x0001d06c   0x00000010   Code   RO         1234    i.nrf_gpiote_event_clear  nrf_drv_gpiote.o
    0x0001d07c   0x00000014   Code   RO         1235    i.nrf_gpiote_event_is_set  nrf_drv_gpiote.o
    0x0001d090   0x00000024   Code   RO         2227    i.nrf_log_backend_init  nrf_log_backend_serial.o
    0x0001d0b4   0x0000000a   Code   RO         2306    i.nrf_log_blocking_backend_set  nrf_log_frontend.o
    0x0001d0be   0x00000002   PAD
    0x0001d0c0   0x0000014c   Code   RO         2307    i.nrf_log_frontend_dequeue  nrf_log_frontend.o
    0x0001d20c   0x0000004c   Code   RO         2310    i.nrf_log_frontend_std_0  nrf_log_frontend.o
    0x0001d258   0x00000060   Code   RO         2311    i.nrf_log_frontend_std_1  nrf_log_frontend.o
    0x0001d2b8   0x0000000a   Code   RO         1439    i.nrf_uart_event_check  nrf_drv_uart.o
    0x0001d2c2   0x00000010   Code   RO         1440    i.nrf_uart_int_enable_check  nrf_drv_uart.o
    0x0001d2d2   0x00000002   PAD
    0x0001d2d4   0x00000050   Code   RO            7    i.nus_data_handler  main.o
    0x0001d324   0x00000012   Code   RO            8    i.on_adv_evt        main.o
    0x0001d336   0x00000002   PAD
    0x0001d338   0x000000b0   Code   RO            9    i.on_ble_evt        main.o
    0x0001d3e8   0x00000020   Code   RO           10    i.on_conn_params_evt  main.o
    0x0001d408   0x00000018   Code   RO         1236    i.pin_in_use_by_port  nrf_drv_gpiote.o
    0x0001d420   0x00000018   Code   RO         1237    i.pin_in_use_by_te  nrf_drv_gpiote.o
    0x0001d438   0x00000050   Code   RO          912    i.pin_read_event_handler  bbs.o
    0x0001d488   0x00000028   Code   RO          914    i.pin_tx_event_handler  bbs.o
    0x0001d4b0   0x00000010   Code   RO         2429    i.ram_end_address_get  softdevice_handler.o
    0x0001d4c0   0x00000024   Code   RO          915    i.raw_fifo_get      bbs.o
    0x0001d4e4   0x0000001c   Code   RO          916    i.raw_fifo_put      bbs.o
    0x0001d500   0x00000044   Code   RO         1796    i.rtc1_stop         app_timer.o
    0x0001d544   0x00000026   Code   RO         1441    i.rx_byte           nrf_drv_uart.o
    0x0001d56a   0x0000009e   Code   RO          867    i.rx_char_add       ble_nus.o
    0x0001d608   0x00000014   Code   RO         1442    i.rx_done_event     nrf_drv_uart.o
    0x0001d61c   0x00000084   Code   RO         2431    i.sd_nvic_EnableIRQ  softdevice_handler.o
    0x0001d6a0   0x0000008e   Code   RO          572    i.service_data_encode  ble_advdata.o
    0x0001d72e   0x00000002   PAD
    0x0001d730   0x00000058   Code   RO          659    i.set_adv_mode_fast  ble_advertising.o
    0x0001d788   0x00000054   Code   RO          660    i.set_adv_mode_slow  ble_advertising.o
    0x0001d7dc   0x00000014   Code   RO         2432    i.softdevice_ble_evt_handler_set  softdevice_handler.o
    0x0001d7f0   0x000000a4   Code   RO         2433    i.softdevice_enable  softdevice_handler.o
    0x0001d894   0x00000028   Code   RO         2434    i.softdevice_enable_get_default_config  softdevice_handler.o
    0x0001d8bc   0x00000008   Code   RO         2435    i.softdevice_fault_handler  softdevice_handler.o
    0x0001d8c4   0x00000058   Code   RO         2436    i.softdevice_handler_init  softdevice_handler.o
    0x0001d91c   0x0000000c   Code   RO         2437    i.softdevice_handler_is_enabled  softdevice_handler.o
    0x0001d928   0x00000084   Code   RO         1797    i.timer_list_handler  app_timer.o
    0x0001d9ac   0x00000010   Code   RO         1798    i.timer_list_handler_sched  app_timer.o
    0x0001d9bc   0x00000040   Code   RO         1799    i.timer_list_insert  app_timer.o
    0x0001d9fc   0x00000048   Code   RO         1800    i.timer_stop_op_schedule  app_timer.o
    0x0001da44   0x00000080   Code   RO         1801    i.timer_timeouts_check  app_timer.o
    0x0001dac4   0x0000001e   Code   RO         1444    i.tx_byte           nrf_drv_uart.o
    0x0001dae2   0x00000080   Code   RO          868    i.tx_char_add       ble_nus.o
    0x0001db62   0x00000018   Code   RO         1445    i.tx_done_event     nrf_drv_uart.o
    0x0001db7a   0x00000128   Code   RO         1446    i.uart_irq_handler  nrf_drv_uart.o
    0x0001dca2   0x0000000a   Code   RO          573    i.uint16_encode     ble_advdata.o
    0x0001dcac   0x00000064   Code   RO          750    i.update_timeout_handler  ble_conn_params.o
    0x0001dd10   0x0000002c   Code   RO         1802    i.user_op_alloc     app_timer.o
    0x0001dd3c   0x00000030   Code   RO          574    i.uuid_list_encode  ble_advdata.o
    0x0001dd6c   0x000000ae   Code   RO          575    i.uuid_list_sized_encode  ble_advdata.o
    0x0001de1a   0x00000002   PAD
    0x0001de1c   0x00000018   Code   RO          661    i.whitelist_has_entries  ble_advertising.o
    0x0001de34   0x00000004   Data   RO           12    .constdata          main.o
    0x0001de38   0x00000004   Data   RO          753    .constdata          ble_conn_params.o
    0x0001de3c   0x00000010   Data   RO          869    .constdata          ble_nus.o
    0x0001de4c   0x00000004   Data   RO          918    .constdata          bbs.o
    0x0001de50   0x00000004   Data   RO         1239    .constdata          nrf_drv_gpiote.o
    0x0001de54   0x00000024   Data   RO         2322    .constdata          nrf_log_frontend.o
    0x0001de78   0x00000010   Data   RO         2720    .constdata          segger_rtt_printf.o
    0x0001de88   0x0000000b   Data   RO         2323    .conststring        nrf_log_frontend.o
    0x0001de93   0x00000001   PAD
    0x0001de94   0x00000042   Data   RO         2443    .conststring        softdevice_handler.o
    0x0001ded6   0x00000002   PAD
    0x0001ded8   0x00000020   Data   RO         3151    Region$$Table       anon$$obj.o


    Execution Region RW_IRAM1 (Base: 0x20001fe8, Size: 0x00001408, Max: 0x00006018, ABSOLUTE)

    Base Addr    Size         Type   Attr      Idx    E Section Name        Object

    0x20001fe8   0x00000008   Data   RW           13    .data               main.o
    0x20001ff0   0x00000030   Data   RW          665    .data               ble_advertising.o
    0x20002020   0x00000014   Data   RW          754    .data               ble_conn_params.o
    0x20002034   0x00000008   Data   RW          919    .data               bbs.o
    0x2000203c   0x00000020   Data   RW         1803    .data               app_timer.o
    0x2000205c   0x0000000c   Data   RW         1989    .data               app_util_platform.o
    0x20002068   0x00000002   Data   RW         2234    .data               nrf_log_backend_serial.o
    0x2000206a   0x00000002   PAD
    0x2000206c   0x00000004   Data   RW         2324    .data               nrf_log_frontend.o
    0x20002070   0x00000014   Data   RW         2444    .data               softdevice_handler.o
    0x20002084   0x00000004   Data   RW         2774    .data               system_nrf51.o
    0x20002088   0x000000dc   Zero   RW           11    .bss                main.o
    0x20002164   0x0000016b   Zero   RW          662    .bss                ble_advertising.o
    0x200022cf   0x00000001   PAD
    0x200022d0   0x00000020   Zero   RW          663    .bss                ble_advertising.o
    0x200022f0   0x00000020   Zero   RW          664    .bss                ble_advertising.o
    0x20002310   0x00000020   Zero   RW          751    .bss                ble_conn_params.o
    0x20002330   0x0000001c   Zero   RW          752    .bss                ble_conn_params.o
    0x2000234c   0x0000011f   Zero   RW          917    .bss                bbs.o
    0x2000246b   0x00000001   PAD
    0x2000246c   0x00000014   Zero   RW         1023    .bss                nrf_drv_clock.o
    0x20002480   0x00000048   Zero   RW         1238    .bss                nrf_drv_gpiote.o
    0x200024c8   0x0000001c   Zero   RW         1447    .bss                nrf_drv_uart.o
    0x200024e4   0x00000068   Zero   RW         2047    .bss                fstorage.o
    0x2000254c   0x00000418   Zero   RW         2321    .bss                nrf_log_frontend.o
    0x20002964   0x00000288   Zero   RW         2590    .bss                segger_rtt.o
    0x20002bec   0x00000004   PAD
    0x20002bf0   0x00000800   Zero   RW         2762    STACK               arm_startup_nrf51.o


==============================================================================

Image component sizes


      Code (inc. data)   RO Data    RW Data    ZI Data      Debug   Object Name

        24          4          0          0          0       2209   app_error.o
        72         32          0          0          0       7114   app_error_weak.o
      1608        158          0         32          0      43127   app_timer.o
       104         20          0         12          0       6390   app_util_platform.o
        56         18        192          0       2048        708   arm_startup_nrf51.o
       444        100          4          8        287       7292   bbs.o
      1368          6          0          0          0      30652   ble_advdata.o
      1000         62          0         48        427      10540   ble_advertising.o
       460         60          4         20         60       5536   ble_conn_params.o
       482          6         16          0          0       4656   ble_nus.o
        14          0          0          0          0       1406   ble_srv_common.o
        26          0          0          0          0         72   bsp.o
        24          6          0          0        104       3772   fstorage.o
       778        116          4          8        220     107326   main.o
       276         38          0          0         20      13124   nrf_drv_clock.o
        96         18          0          0          0       7316   nrf_drv_common.o
      1118         92          4          0         72      26528   nrf_drv_gpiote.o
       454          8          0          0         28      16065   nrf_drv_uart.o
        36          4          0          2          0       2691   nrf_log_backend_serial.o
       646         50         47          4       1048       9129   nrf_log_frontend.o
       458         48          0          0        648       9248   segger_rtt.o
       906          6         16          0          0       7341   segger_rtt_printf.o
       668        162         66         20          0      21991   softdevice_handler.o
       232         36          0          4          0       2351   system_nrf51.o

    ----------------------------------------------------------------------
     11372       1050        388        160       4968     346584   Object Totals
         0          0         32          0          0          0   (incl. Generated)
        22          0          3          2          6          0   (incl. Padding)

    ----------------------------------------------------------------------

      Code (inc. data)   RO Data    RW Data    ZI Data      Debug   Library Member Name

         0          0          0          0          0          0   entry.o
         0          0          0          0          0          0   entry10a.o
         0          0          0          0          0          0   entry11a.o
         8          4          0          0          0          0   entry2.o
         4          0          0          0          0          0   entry5.o
         0          0          0          0          0          0   entry7b.o
         0          0          0          0          0          0   entry8b.o
         8          4          0          0          0          0   entry9a.o
        30          0          0          0          0          0   handlers.o
        40          0          0          0          0         72   idiv.o
        36          8          0          0          0         68   init.o
        36          0          0          0          0         60   memcpya.o
        36          0          0          0          0        100   memseta.o
        18          0          0          0          0         60   strcpy.o
        44          0          0          0          0         72   uidiv.o

    ----------------------------------------------------------------------
       264         16          0          0          0        432   Library Totals
         4          0          0          0          0          0   (incl. Padding)

    ----------------------------------------------------------------------

      Code (inc. data)   RO Data    RW Data    ZI Data      Debug   Library Name

       260         16          0          0          0        432   mc_p.l

    ----------------------------------------------------------------------
       264         16          0          0          0        432   Library Totals

    ----------------------------------------------------------------------

==============================================================================


      Code (inc. data)   RO Data    RW Data    ZI Data      Debug   

     11636       1066        388        160       4968     341492   Grand Totals
     11636       1066        388        160       4968     341492   ELF Image Totals
     11636       1066        388        160          0          0   ROM Totals

==============================================================================

    Total RO  Size (Code + RO Data)                12024 (  11.74kB)
    Total RW  Size (RW Data + ZI Data)              5128 (   5.01kB)
    Total ROM Size (Code + RO Data + RW Data)      12184 (  11.90kB)

==============================================================================

