<html>
<body>
<pre>
<h1>µVision Build Log</h1>
<h2>Tool Versions:</h2>
IDE-Version: µVision V5.22.0.0
Copyright (C) 2016 ARM Ltd and ARM Germany GmbH. All rights reserved.
License Information: Alex Montgomerie, Imperial College London, LIC=----
 
Tool Versions:
Toolchain:       MDK-Lite  Version: 5.22
Toolchain Path:  C:\Keil_v5\ARM\ARMCC\Bin
C Compiler:      Armcc.exe V5.06 update 4 (build 422)
Assembler:       Armasm.exe V5.06 update 4 (build 422)
Linker/Locator:  ArmLink.exe V5.06 update 4 (build 422)
Library Manager: ArmAr.exe V5.06 update 4 (build 422)
Hex Converter:   FromElf.exe V5.06 update 4 (build 422)
CPU DLL:         
Dialog DLL:      
Target DLL:      Segger\JL2CM3.dll V2.99.23.0
Dialog DLL:      TARMCM1.DLL V1.11.0.0
 
<h2>Project:</h2>
C:\Users\Alex\Documents\group_project_y2\braille_boys\examples\ble_peripheral\ble_app_uart\pca10028\s130\arm5_no_packs\ble_app_uart_pca10028_s130.uvprojx
Project File Date:  03/07/2017

<h2>Output:</h2>
*** Using Compiler 'V5.06 update 4 (build 422)', folder: 'C:\Keil_v5\ARM\ARMCC\Bin'
Build target 'nrf51422_xxac'
compiling bbs.c...
..\..\..\..\..\..\fifo\fifo.h(36): warning:  #1-D: last line of file ends without a newline
  #endif // !defined(_fifo_h)
..\..\..\..\..\..\bbs\bbs.h(89): warning:  #1-D: last line of file ends without a newline
  #endif
..\..\..\..\..\..\char_conversion\char_conversion.h(6): warning:  #1-D: last line of file ends without a newline
  uint8_t braille_2_char(uint8_t braille, uint8_t modifier);
..\..\..\..\..\..\bbs\bbs.c(70): warning:  #940-D: missing return statement at end of non-void function "clear_msg" 
  }
..\..\..\..\..\..\bbs\bbs.c(77): warning:  #550-D: variable "err_code"  was set but never used
        uint32_t err_code;
..\..\..\..\..\..\bbs\bbs.c(132): warning:  #177-D: variable "err_code"  was declared but never referenced
        uint32_t err_code;
..\..\..\..\..\..\bbs\bbs.c(391): warning:  #177-D: variable "err_code"  was declared but never referenced
        uint32_t err_code;
..\..\..\..\..\..\bbs\bbs.c: 7 warnings, 0 errors
linking...
Program Size: Code=12372 RO-data=548 RW-data=180 ZI-data=5468  
FromELF: creating hex file...
".\_build\nrf51422_xxac.axf" - 0 Error(s), 7 Warning(s).

<h2>Software Packages used:</h2>

Package Vendor: ARM
                http://www.keil.com/pack/ARM.CMSIS.4.5.0.pack
                ARM::CMSIS:CORE:4.3.0
                CMSIS (Cortex Microcontroller Software Interface Standard)
   * Component: CORE Version: 4.3.0

Package Vendor: NordicSemiconductor
                http://developer.nordicsemi.com/nRF5_SDK/pieces/nRF_DeviceFamilyPack/NordicSemiconductor.nRF_DeviceFamilyPack.8.11.1.pack
                NordicSemiconductor::Device:Startup:8.11.1
                Nordic Semiconductor nRF ARM devices Device Family Pack.
   * Component: Startup Version: 8.11.1

<h2>Collection of Component include folders:</h2>
  C:\Users\Alex\Documents\group_project_y2\braille_boys\examples\ble_peripheral\ble_app_uart\pca10028\s130\arm5_no_packs\RTE\_nrf51422_xxac
  C:\Keil_v5\ARM\PACK\ARM\CMSIS\4.5.0\CMSIS\Include
  C:\Keil_v5\ARM\PACK\NordicSemiconductor\nRF_DeviceFamilyPack\8.11.1\Device\Include

<h2>Collection of Component Files used:</h2>

   * Component: ARM::CMSIS:CORE:4.3.0

   * Component: NordicSemiconductor::Device:Startup:8.11.1
      Source file:   Device\Source\system_nrf51.c
      Include file:  Device\Include\system_nrf51.h
      Source file:   Device\Source\arm\arm_startup_nrf51.s
Build Time Elapsed:  00:00:04
</pre>
</body>
</html>
